Simulator report for Lab_3
Mon Apr 24 00:52:37 2023
Quartus II Version 9.0 Build 132 02/25/2009 SJ Web Edition


---------------------
; Table of Contents ;
---------------------
  1. Legal Notice
  2. Simulator Summary
  3. Simulator Settings
  4. Simulation Waveforms
  5. Coverage Summary
  6. Complete 1/0-Value Coverage
  7. Missing 1-Value Coverage
  8. Missing 0-Value Coverage
  9. Simulator INI Usage
 10. Simulator Messages



----------------
; Legal Notice ;
----------------
Copyright (C) 1991-2009 Altera Corporation
Your use of Altera Corporation's design tools, logic functions 
and other software and tools, and its AMPP partner logic 
functions, and any output files from any of the foregoing 
(including device programming or simulation files), and any 
associated documentation or information are expressly subject 
to the terms and conditions of the Altera Program License 
Subscription Agreement, Altera MegaCore Function License 
Agreement, or other applicable license agreement, including, 
without limitation, that your use is for the sole purpose of 
programming logic devices manufactured by Altera and sold by 
Altera or its authorized distributors.  Please refer to the 
applicable agreement for further details.



+--------------------------------------------+
; Simulator Summary                          ;
+-----------------------------+--------------+
; Type                        ; Value        ;
+-----------------------------+--------------+
; Simulation Start Time       ; 0 ps         ;
; Simulation End Time         ; 50.0 ms      ;
; Simulation Netlist Size     ; 12 nodes     ;
; Simulation Coverage         ;      66.67 % ;
; Total Number of Transitions ; 445999971    ;
; Simulation Breakpoints      ; 0            ;
; Family                      ; Cyclone II   ;
; Device                      ; EP2C5T144C8  ;
+-----------------------------+--------------+


+-------------------------------------------------------------------------------------------------------------------------+
; Simulator Settings                                                                                                      ;
+--------------------------------------------------------------------------------------------+------------+---------------+
; Option                                                                                     ; Setting    ; Default Value ;
+--------------------------------------------------------------------------------------------+------------+---------------+
; Simulation mode                                                                            ; Timing     ; Timing        ;
; Start time                                                                                 ; 0 ns       ; 0 ns          ;
; Simulation results format                                                                  ; VWF        ;               ;
; Add pins automatically to simulation output waveforms                                      ; On         ; On            ;
; Check outputs                                                                              ; Off        ; Off           ;
; Report simulation coverage                                                                 ; On         ; On            ;
; Display complete 1/0 value coverage report                                                 ; On         ; On            ;
; Display missing 1-value coverage report                                                    ; On         ; On            ;
; Display missing 0-value coverage report                                                    ; On         ; On            ;
; Detect setup and hold time violations                                                      ; Off        ; Off           ;
; Detect glitches                                                                            ; Off        ; Off           ;
; Disable timing delays in Timing Simulation                                                 ; Off        ; Off           ;
; Generate Signal Activity File                                                              ; Off        ; Off           ;
; Generate VCD File for PowerPlay Power Analyzer                                             ; Off        ; Off           ;
; Group bus channels in simulation results                                                   ; Off        ; Off           ;
; Preserve fewer signal transitions to reduce memory requirements                            ; On         ; On            ;
; Trigger vector comparison with the specified mode                                          ; INPUT_EDGE ; INPUT_EDGE    ;
; Disable setup and hold time violations detection in input registers of bi-directional pins ; Off        ; Off           ;
; Overwrite Waveform Inputs With Simulation Outputs                                          ; Off        ;               ;
; Perform Glitch Filtering in Timing Simulation                                              ; Auto       ; Auto          ;
+--------------------------------------------------------------------------------------------+------------+---------------+


+----------------------+
; Simulation Waveforms ;
+----------------------+
Waveform report data cannot be output to ASCII.
Please use Quartus II to view the waveform report data.


+--------------------------------------------------------------------+
; Coverage Summary                                                   ;
+-----------------------------------------------------+--------------+
; Type                                                ; Value        ;
+-----------------------------------------------------+--------------+
; Total coverage as a percentage                      ;      66.67 % ;
; Total nodes checked                                 ; 12           ;
; Total output ports checked                          ; 12           ;
; Total output ports with complete 1/0-value coverage ; 8            ;
; Total output ports with no 1/0-value coverage       ; 1            ;
; Total output ports with no 1-value coverage         ; 4            ;
; Total output ports with no 0-value coverage         ; 1            ;
+-----------------------------------------------------+--------------+


The following table displays output ports that toggle between 1 and 0 during simulation.
+--------------------------------------------------------------------------+
; Complete 1/0-Value Coverage                                              ;
+---------------------------+---------------------------+------------------+
; Node Name                 ; Output Port Name          ; Output Port Type ;
+---------------------------+---------------------------+------------------+
; |Lab_3|shft_reg[0]        ; |Lab_3|shft_reg[0]        ; regout           ;
; |Lab_3|shft_reg[1]        ; |Lab_3|shft_reg[1]        ; regout           ;
; |Lab_3|shft_reg[2]        ; |Lab_3|shft_reg[2]        ; regout           ;
; |Lab_3|Output~0           ; |Lab_3|Output~0           ; combout          ;
; |Lab_3|clk                ; |Lab_3|clk~corein         ; combout          ;
; |Lab_3|Input              ; |Lab_3|Input~corein       ; combout          ;
; |Lab_3|clk~clkctrl        ; |Lab_3|clk~clkctrl        ; outclk           ;
; |Lab_3|shft_reg[2]~feeder ; |Lab_3|shft_reg[2]~feeder ; combout          ;
+---------------------------+---------------------------+------------------+


The following table displays output ports that do not toggle to 1 during simulation.
+------------------------------------------------------------+
; Missing 1-Value Coverage                                   ;
+--------------------+--------------------+------------------+
; Node Name          ; Output Port Name   ; Output Port Type ;
+--------------------+--------------------+------------------+
; |Lab_3|Output~reg0 ; |Lab_3|Output~reg0 ; regout           ;
; |Lab_3|shft_reg[3] ; |Lab_3|shft_reg[3] ; regout           ;
; |Lab_3|Output~1    ; |Lab_3|Output~1    ; combout          ;
; |Lab_3|Output      ; |Lab_3|Output      ; padio            ;
+--------------------+--------------------+------------------+


The following table displays output ports that do not toggle to 0 during simulation.
+------------------------------------------------------------+
; Missing 0-Value Coverage                                   ;
+--------------------+--------------------+------------------+
; Node Name          ; Output Port Name   ; Output Port Type ;
+--------------------+--------------------+------------------+
; |Lab_3|shft_reg[3] ; |Lab_3|shft_reg[3] ; regout           ;
+--------------------+--------------------+------------------+


+---------------------+
; Simulator INI Usage ;
+--------+------------+
; Option ; Usage      ;
+--------+------------+


+--------------------+
; Simulator Messages ;
+--------------------+
Info: *******************************************************************
Info: Running Quartus II Simulator
    Info: Version 9.0 Build 132 02/25/2009 SJ Web Edition
    Info: Processing started: Mon Apr 24 00:44:26 2023
Info: Command: quartus_sim --read_settings_files=on --write_settings_files=off Lab_3 -c Lab_3
Info: Using vector source file "D:/Desktop/verilog/Labs/Lab3/Lab_3.vwf"
Info: Option to preserve fewer signal transitions to reduce memory requirements is enabled
    Info: Simulation has been partitioned into sub-simulations according to the maximum transition count determined by the engine. Transitions from memory will be flushed out to disk at the end of each sub-simulation to reduce memory requirements.
Warning: Found clock high time violation at 6.73 ns on register "|Lab_3|Output~reg0"
Warning: Found clock high time violation at 6.73 ns on register "|Lab_3|shft_reg[0]"
Warning: Found clock high time violation at 6.73 ns on register "|Lab_3|shft_reg[3]"
Warning: Found clock high time violation at 6.73 ns on register "|Lab_3|shft_reg[1]"
Warning: Found clock high time violation at 6.73 ns on register "|Lab_3|shft_reg[2]"
Warning: Found clock high time violation at 8.73 ns on register "|Lab_3|Output~reg0"
Warning: Found clock high time violation at 8.73 ns on register "|Lab_3|shft_reg[0]"
Warning: Found clock high time violation at 8.73 ns on register "|Lab_3|shft_reg[3]"
Warning: Found clock high time violation at 8.73 ns on register "|Lab_3|shft_reg[1]"
Warning: Found clock high time violation at 8.73 ns on register "|Lab_3|shft_reg[2]"
Warning: Found clock high time violation at 10.73 ns on register "|Lab_3|Output~reg0"
Warning: Found clock high time violation at 10.73 ns on register "|Lab_3|shft_reg[0]"
Warning: Found clock high time violation at 10.73 ns on register "|Lab_3|shft_reg[3]"
Warning: Found clock high time violation at 10.73 ns on register "|Lab_3|shft_reg[1]"
Warning: Found clock high time violation at 10.73 ns on register "|Lab_3|shft_reg[2]"
Warning: Found clock high time violation at 12.73 ns on register "|Lab_3|Output~reg0"
Warning: Found clock high time violation at 12.73 ns on register "|Lab_3|shft_reg[0]"
Warning: Found clock high time violation at 12.73 ns on register "|Lab_3|shft_reg[3]"
Warning: Found clock high time violation at 12.73 ns on register "|Lab_3|shft_reg[1]"
Warning: Found clock high time violation at 12.73 ns on register "|Lab_3|shft_reg[2]"
Warning: Found clock high time violation at 14.73 ns on register "|Lab_3|Output~reg0"
Warning: Found clock high time violation at 14.73 ns on register "|Lab_3|shft_reg[0]"
Warning: Found clock high time violation at 14.73 ns on register "|Lab_3|shft_reg[3]"
Warning: Found clock high time violation at 14.73 ns on register "|Lab_3|shft_reg[1]"
Warning: Found clock high time violation at 14.73 ns on register "|Lab_3|shft_reg[2]"
Warning: Found clock high time violation at 16.73 ns on register "|Lab_3|Output~reg0"
Warning: Found clock high time violation at 16.73 ns on register "|Lab_3|shft_reg[0]"
Warning: Found clock high time violation at 16.73 ns on register "|Lab_3|shft_reg[3]"
Warning: Found clock high time violation at 16.73 ns on register "|Lab_3|shft_reg[1]"
Warning: Found clock high time violation at 16.73 ns on register "|Lab_3|shft_reg[2]"
Warning: Found clock high time violation at 18.73 ns on register "|Lab_3|Output~reg0"
Warning: Found clock high time violation at 18.73 ns on register "|Lab_3|shft_reg[0]"
Warning: Found clock high time violation at 18.73 ns on register "|Lab_3|shft_reg[3]"
Warning: Found clock high time violation at 18.73 ns on register "|Lab_3|shft_reg[1]"
Warning: Found clock high time violation at 18.73 ns on register "|Lab_3|shft_reg[2]"
Warning: Found clock high time violation at 20.73 ns on register "|Lab_3|Output~reg0"
Warning: Found clock high time violation at 20.73 ns on register "|Lab_3|shft_reg[0]"
Warning: Found clock high time violation at 20.73 ns on register "|Lab_3|shft_reg[3]"
Warning: Found clock high time violation at 20.73 ns on register "|Lab_3|shft_reg[1]"
Warning: Found clock high time violation at 20.73 ns on register "|Lab_3|shft_reg[2]"
Warning: Found clock high time violation at 22.73 ns on register "|Lab_3|Output~reg0"
Warning: Found clock high time violation at 22.73 ns on register "|Lab_3|shft_reg[0]"
Warning: Found clock high time violation at 22.73 ns on register "|Lab_3|shft_reg[3]"
Warning: Found clock high time violation at 22.73 ns on register "|Lab_3|shft_reg[1]"
Warning: Found clock high time violation at 22.73 ns on register "|Lab_3|shft_reg[2]"
Warning: Found clock high time violation at 24.73 ns on register "|Lab_3|Output~reg0"
Warning: Found clock high time violation at 24.73 ns on register "|Lab_3|shft_reg[0]"
Warning: Found clock high time violation at 24.73 ns on register "|Lab_3|shft_reg[3]"
Warning: Found clock high time violation at 24.73 ns on register "|Lab_3|shft_reg[1]"
Warning: Found clock high time violation at 24.73 ns on register "|Lab_3|shft_reg[2]"
Warning: Found clock high time violation at 26.73 ns on register "|Lab_3|Output~reg0"
Warning: Found clock high time violation at 26.73 ns on register "|Lab_3|shft_reg[0]"
Warning: Found clock high time violation at 26.73 ns on register "|Lab_3|shft_reg[3]"
Warning: Found clock high time violation at 26.73 ns on register "|Lab_3|shft_reg[1]"
Warning: Found clock high time violation at 26.73 ns on register "|Lab_3|shft_reg[2]"
Warning: Found clock high time violation at 28.73 ns on register "|Lab_3|Output~reg0"
Warning: Found clock high time violation at 28.73 ns on register "|Lab_3|shft_reg[0]"
Warning: Found clock high time violation at 28.73 ns on register "|Lab_3|shft_reg[3]"
Warning: Found clock high time violation at 28.73 ns on register "|Lab_3|shft_reg[1]"
Warning: Found clock high time violation at 28.73 ns on register "|Lab_3|shft_reg[2]"
Warning: Found clock high time violation at 30.73 ns on register "|Lab_3|Output~reg0"
Warning: Found clock high time violation at 30.73 ns on register "|Lab_3|shft_reg[0]"
Warning: Found clock high time violation at 30.73 ns on register "|Lab_3|shft_reg[3]"
Warning: Found clock high time violation at 30.73 ns on register "|Lab_3|shft_reg[1]"
Warning: Found clock high time violation at 30.73 ns on register "|Lab_3|shft_reg[2]"
Warning: Found clock high time violation at 32.73 ns on register "|Lab_3|Output~reg0"
Warning: Found clock high time violation at 32.73 ns on register "|Lab_3|shft_reg[0]"
Warning: Found clock high time violation at 32.73 ns on register "|Lab_3|shft_reg[3]"
Warning: Found clock high time violation at 32.73 ns on register "|Lab_3|shft_reg[1]"
Warning: Found clock high time violation at 32.73 ns on register "|Lab_3|shft_reg[2]"
Warning: Found clock high time violation at 34.73 ns on register "|Lab_3|Output~reg0"
Warning: Found clock high time violation at 34.73 ns on register "|Lab_3|shft_reg[0]"
Warning: Found clock high time violation at 34.73 ns on register "|Lab_3|shft_reg[3]"
Warning: Found clock high time violation at 34.73 ns on register "|Lab_3|shft_reg[1]"
Warning: Found clock high time violation at 34.73 ns on register "|Lab_3|shft_reg[2]"
Warning: Found clock high time violation at 36.73 ns on register "|Lab_3|Output~reg0"
Warning: Found clock high time violation at 36.73 ns on register "|Lab_3|shft_reg[0]"
Warning: Found clock high time violation at 36.73 ns on register "|Lab_3|shft_reg[3]"
Warning: Found clock high time violation at 36.73 ns on register "|Lab_3|shft_reg[1]"
Warning: Found clock high time violation at 36.73 ns on register "|Lab_3|shft_reg[2]"
Warning: Found clock high time violation at 38.73 ns on register "|Lab_3|Output~reg0"
Warning: Found clock high time violation at 38.73 ns on register "|Lab_3|shft_reg[0]"
Warning: Found clock high time violation at 38.73 ns on register "|Lab_3|shft_reg[3]"
Warning: Found clock high time violation at 38.73 ns on register "|Lab_3|shft_reg[1]"
Warning: Found clock high time violation at 38.73 ns on register "|Lab_3|shft_reg[2]"
Warning: Found clock high time violation at 40.73 ns on register "|Lab_3|Output~reg0"
Warning: Found clock high time violation at 40.73 ns on register "|Lab_3|shft_reg[0]"
Warning: Found clock high time violation at 40.73 ns on register "|Lab_3|shft_reg[3]"
Warning: Found clock high time violation at 40.73 ns on register "|Lab_3|shft_reg[1]"
Warning: Found clock high time violation at 40.73 ns on register "|Lab_3|shft_reg[2]"
Warning: Found clock high time violation at 42.73 ns on register "|Lab_3|Output~reg0"
Warning: Found clock high time violation at 42.73 ns on register "|Lab_3|shft_reg[0]"
Warning: Found clock high time violation at 42.73 ns on register "|Lab_3|shft_reg[3]"
Warning: Found clock high time violation at 42.73 ns on register "|Lab_3|shft_reg[1]"
Warning: Found clock high time violation at 42.73 ns on register "|Lab_3|shft_reg[2]"
Warning: Found clock high time violation at 44.73 ns on register "|Lab_3|Output~reg0"
Warning: Found clock high time violation at 44.73 ns on register "|Lab_3|shft_reg[0]"
Warning: Found clock high time violation at 44.73 ns on register "|Lab_3|shft_reg[3]"
Warning: Found clock high time violation at 44.73 ns on register "|Lab_3|shft_reg[1]"
Warning: Found clock high time violation at 44.73 ns on register "|Lab_3|shft_reg[2]"
Warning: Found clock high time violation at 46.73 ns on register "|Lab_3|Output~reg0"
Warning: Found clock high time violation at 46.73 ns on register "|Lab_3|shft_reg[0]"
Warning: Found clock high time violation at 46.73 ns on register "|Lab_3|shft_reg[3]"
Warning: Found clock high time violation at 46.73 ns on register "|Lab_3|shft_reg[1]"
Warning: Found clock high time violation at 46.73 ns on register "|Lab_3|shft_reg[2]"
Warning: Found clock high time violation at 48.73 ns on register "|Lab_3|Output~reg0"
Warning: Found clock high time violation at 48.73 ns on register "|Lab_3|shft_reg[0]"
Warning: Found clock high time violation at 48.73 ns on register "|Lab_3|shft_reg[3]"
Warning: Found clock high time violation at 48.73 ns on register "|Lab_3|shft_reg[1]"
Warning: Found clock high time violation at 48.73 ns on register "|Lab_3|shft_reg[2]"
Warning: Found clock high time violation at 50.73 ns on register "|Lab_3|Output~reg0"
Warning: Found clock high time violation at 50.73 ns on register "|Lab_3|shft_reg[0]"
Warning: Found clock high time violation at 50.73 ns on register "|Lab_3|shft_reg[3]"
Warning: Found clock high time violation at 50.73 ns on register "|Lab_3|shft_reg[1]"
Warning: Found clock high time violation at 50.73 ns on register "|Lab_3|shft_reg[2]"
Warning: Found clock high time violation at 52.73 ns on register "|Lab_3|Output~reg0"
Warning: Found clock high time violation at 52.73 ns on register "|Lab_3|shft_reg[0]"
Warning: Found clock high time violation at 52.73 ns on register "|Lab_3|shft_reg[3]"
Warning: Found clock high time violation at 52.73 ns on register "|Lab_3|shft_reg[1]"
Warning: Found clock high time violation at 52.73 ns on register "|Lab_3|shft_reg[2]"
Warning: Found clock high time violation at 54.73 ns on register "|Lab_3|Output~reg0"
Warning: Found clock high time violation at 54.73 ns on register "|Lab_3|shft_reg[0]"
Warning: Found clock high time violation at 54.73 ns on register "|Lab_3|shft_reg[3]"
Warning: Found clock high time violation at 54.73 ns on register "|Lab_3|shft_reg[1]"
Warning: Found clock high time violation at 54.73 ns on register "|Lab_3|shft_reg[2]"
Warning: Found clock high time violation at 56.73 ns on register "|Lab_3|Output~reg0"
Warning: Found clock high time violation at 56.73 ns on register "|Lab_3|shft_reg[0]"
Warning: Found clock high time violation at 56.73 ns on register "|Lab_3|shft_reg[3]"
Warning: Found clock high time violation at 56.73 ns on register "|Lab_3|shft_reg[1]"
Warning: Found clock high time violation at 56.73 ns on register "|Lab_3|shft_reg[2]"
Warning: Found clock high time violation at 58.73 ns on register "|Lab_3|Output~reg0"
Warning: Found clock high time violation at 58.73 ns on register "|Lab_3|shft_reg[0]"
Warning: Found clock high time violation at 58.73 ns on register "|Lab_3|shft_reg[3]"
Warning: Found clock high time violation at 58.73 ns on register "|Lab_3|shft_reg[1]"
Warning: Found clock high time violation at 58.73 ns on register "|Lab_3|shft_reg[2]"
Warning: Found clock high time violation at 60.73 ns on register "|Lab_3|Output~reg0"
Warning: Found clock high time violation at 60.73 ns on register "|Lab_3|shft_reg[0]"
Warning: Found clock high time violation at 60.73 ns on register "|Lab_3|shft_reg[3]"
Warning: Found clock high time violation at 60.73 ns on register "|Lab_3|shft_reg[1]"
Warning: Found clock high time violation at 60.73 ns on register "|Lab_3|shft_reg[2]"
Warning: Found clock high time violation at 62.73 ns on register "|Lab_3|Output~reg0"
Warning: Found clock high time violation at 62.73 ns on register "|Lab_3|shft_reg[0]"
Warning: Found clock high time violation at 62.73 ns on register "|Lab_3|shft_reg[3]"
Warning: Found clock high time violation at 62.73 ns on register "|Lab_3|shft_reg[1]"
Warning: Found clock high time violation at 62.73 ns on register "|Lab_3|shft_reg[2]"
Warning: Found clock high time violation at 64.73 ns on register "|Lab_3|Output~reg0"
Warning: Found clock high time violation at 64.73 ns on register "|Lab_3|shft_reg[0]"
Warning: Found clock high time violation at 64.73 ns on register "|Lab_3|shft_reg[3]"
Warning: Found clock high time violation at 64.73 ns on register "|Lab_3|shft_reg[1]"
Warning: Found clock high time violation at 64.73 ns on register "|Lab_3|shft_reg[2]"
Warning: Found clock high time violation at 66.73 ns on register "|Lab_3|Output~reg0"
Warning: Found clock high time violation at 66.73 ns on register "|Lab_3|shft_reg[0]"
Warning: Found clock high time violation at 66.73 ns on register "|Lab_3|shft_reg[3]"
Warning: Found clock high time violation at 66.73 ns on register "|Lab_3|shft_reg[1]"
Warning: Found clock high time violation at 66.73 ns on register "|Lab_3|shft_reg[2]"
Warning: Found clock high time violation at 68.73 ns on register "|Lab_3|Output~reg0"
Warning: Found clock high time violation at 68.73 ns on register "|Lab_3|shft_reg[0]"
Warning: Found clock high time violation at 68.73 ns on register "|Lab_3|shft_reg[3]"
Warning: Found clock high time violation at 68.73 ns on register "|Lab_3|shft_reg[1]"
Warning: Found clock high time violation at 68.73 ns on register "|Lab_3|shft_reg[2]"
Warning: Found clock high time violation at 70.73 ns on register "|Lab_3|Output~reg0"
Warning: Found clock high time violation at 70.73 ns on register "|Lab_3|shft_reg[0]"
Warning: Found clock high time violation at 70.73 ns on register "|Lab_3|shft_reg[3]"
Warning: Found clock high time violation at 70.73 ns on register "|Lab_3|shft_reg[1]"
Warning: Found clock high time violation at 70.73 ns on register "|Lab_3|shft_reg[2]"
Warning: Found clock high time violation at 72.73 ns on register "|Lab_3|Output~reg0"
Warning: Found clock high time violation at 72.73 ns on register "|Lab_3|shft_reg[0]"
Warning: Found clock high time violation at 72.73 ns on register "|Lab_3|shft_reg[3]"
Warning: Found clock high time violation at 72.73 ns on register "|Lab_3|shft_reg[1]"
Warning: Found clock high time violation at 72.73 ns on register "|Lab_3|shft_reg[2]"
Warning: Found clock high time violation at 74.73 ns on register "|Lab_3|Output~reg0"
Warning: Found clock high time violation at 74.73 ns on register "|Lab_3|shft_reg[0]"
Warning: Found clock high time violation at 74.73 ns on register "|Lab_3|shft_reg[3]"
Warning: Found clock high time violation at 74.73 ns on register "|Lab_3|shft_reg[1]"
Warning: Found clock high time violation at 74.73 ns on register "|Lab_3|shft_reg[2]"
Warning: Found clock high time violation at 76.73 ns on register "|Lab_3|Output~reg0"
Warning: Found clock high time violation at 76.73 ns on register "|Lab_3|shft_reg[0]"
Warning: Found clock high time violation at 76.73 ns on register "|Lab_3|shft_reg[3]"
Warning: Found clock high time violation at 76.73 ns on register "|Lab_3|shft_reg[1]"
Warning: Found clock high time violation at 76.73 ns on register "|Lab_3|shft_reg[2]"
Warning: Found clock high time violation at 78.73 ns on register "|Lab_3|Output~reg0"
Warning: Found clock high time violation at 78.73 ns on register "|Lab_3|shft_reg[0]"
Warning: Found clock high time violation at 78.73 ns on register "|Lab_3|shft_reg[3]"
Warning: Found clock high time violation at 78.73 ns on register "|Lab_3|shft_reg[1]"
Warning: Found clock high time violation at 78.73 ns on register "|Lab_3|shft_reg[2]"
Warning: Found clock high time violation at 80.73 ns on register "|Lab_3|Output~reg0"
Warning: Found clock high time violation at 80.73 ns on register "|Lab_3|shft_reg[0]"
Warning: Found clock high time violation at 80.73 ns on register "|Lab_3|shft_reg[3]"
Warning: Found clock high time violation at 80.73 ns on register "|Lab_3|shft_reg[1]"
Warning: Found clock high time violation at 80.73 ns on register "|Lab_3|shft_reg[2]"
Warning: Found clock high time violation at 82.73 ns on register "|Lab_3|Output~reg0"
Warning: Found clock high time violation at 82.73 ns on register "|Lab_3|shft_reg[0]"
Warning: Found clock high time violation at 82.73 ns on register "|Lab_3|shft_reg[3]"
Warning: Found clock high time violation at 82.73 ns on register "|Lab_3|shft_reg[1]"
Warning: Found clock high time violation at 82.73 ns on register "|Lab_3|shft_reg[2]"
Warning: Found clock high time violation at 84.73 ns on register "|Lab_3|Output~reg0"
Warning: Found clock high time violation at 84.73 ns on register "|Lab_3|shft_reg[0]"
Warning: Found clock high time violation at 84.73 ns on register "|Lab_3|shft_reg[3]"
Warning: Found clock high time violation at 84.73 ns on register "|Lab_3|shft_reg[1]"
Warning: Found clock high time violation at 84.73 ns on register "|Lab_3|shft_reg[2]"
Warning: Found clock high time violation at 86.73 ns on register "|Lab_3|Output~reg0"
Warning: Found clock high time violation at 86.73 ns on register "|Lab_3|shft_reg[0]"
Warning: Found clock high time violation at 86.73 ns on register "|Lab_3|shft_reg[3]"
Warning: Found clock high time violation at 86.73 ns on register "|Lab_3|shft_reg[1]"
Warning: Found clock high time violation at 86.73 ns on register "|Lab_3|shft_reg[2]"
Warning: Found clock high time violation at 88.73 ns on register "|Lab_3|Output~reg0"
Warning: Found clock high time violation at 88.73 ns on register "|Lab_3|shft_reg[0]"
Warning: Found clock high time violation at 88.73 ns on register "|Lab_3|shft_reg[3]"
Warning: Found clock high time violation at 88.73 ns on register "|Lab_3|shft_reg[1]"
Warning: Found clock high time violation at 88.73 ns on register "|Lab_3|shft_reg[2]"
Warning: Found clock high time violation at 90.73 ns on register "|Lab_3|Output~reg0"
Warning: Found clock high time violation at 90.73 ns on register "|Lab_3|shft_reg[0]"
Warning: Found clock high time violation at 90.73 ns on register "|Lab_3|shft_reg[3]"
Warning: Found clock high time violation at 90.73 ns on register "|Lab_3|shft_reg[1]"
Warning: Found clock high time violation at 90.73 ns on register "|Lab_3|shft_reg[2]"
Warning: Found clock high time violation at 92.73 ns on register "|Lab_3|Output~reg0"
Warning: Found clock high time violation at 92.73 ns on register "|Lab_3|shft_reg[0]"
Warning: Found clock high time violation at 92.73 ns on register "|Lab_3|shft_reg[3]"
Warning: Found clock high time violation at 92.73 ns on register "|Lab_3|shft_reg[1]"
Warning: Found clock high time violation at 92.73 ns on register "|Lab_3|shft_reg[2]"
Warning: Found clock high time violation at 94.73 ns on register "|Lab_3|Output~reg0"
Warning: Found clock high time violation at 94.73 ns on register "|Lab_3|shft_reg[0]"
Warning: Found clock high time violation at 94.73 ns on register "|Lab_3|shft_reg[3]"
Warning: Found clock high time violation at 94.73 ns on register "|Lab_3|shft_reg[1]"
Warning: Found clock high time violation at 94.73 ns on register "|Lab_3|shft_reg[2]"
Warning: Found clock high time violation at 96.73 ns on register "|Lab_3|Output~reg0"
Warning: Found clock high time violation at 96.73 ns on register "|Lab_3|shft_reg[0]"
Warning: Found clock high time violation at 96.73 ns on register "|Lab_3|shft_reg[3]"
Warning: Found clock high time violation at 96.73 ns on register "|Lab_3|shft_reg[1]"
Warning: Found clock high time violation at 96.73 ns on register "|Lab_3|shft_reg[2]"
Warning: Found clock high time violation at 98.73 ns on register "|Lab_3|Output~reg0"
Warning: Found clock high time violation at 98.73 ns on register "|Lab_3|shft_reg[0]"
Warning: Found clock high time violation at 98.73 ns on register "|Lab_3|shft_reg[3]"
Warning: Found clock high time violation at 98.73 ns on register "|Lab_3|shft_reg[1]"
Warning: Found clock high time violation at 98.73 ns on register "|Lab_3|shft_reg[2]"
Warning: Found clock high time violation at 100.73 ns on register "|Lab_3|Output~reg0"
Warning: Found clock high time violation at 100.73 ns on register "|Lab_3|shft_reg[0]"
Warning: Found clock high time violation at 100.73 ns on register "|Lab_3|shft_reg[3]"
Warning: Found clock high time violation at 100.73 ns on register "|Lab_3|shft_reg[1]"
Warning: Found clock high time violation at 100.73 ns on register "|Lab_3|shft_reg[2]"
Warning: Found clock high time violation at 102.73 ns on register "|Lab_3|Output~reg0"
Warning: Found clock high time violation at 102.73 ns on register "|Lab_3|shft_reg[0]"
Warning: Found clock high time violation at 102.73 ns on register "|Lab_3|shft_reg[3]"
Warning: Found clock high time violation at 102.73 ns on register "|Lab_3|shft_reg[1]"
Warning: Found clock high time violation at 102.73 ns on register "|Lab_3|shft_reg[2]"
Warning: Found clock high time violation at 104.73 ns on register "|Lab_3|Output~reg0"
Warning: Found clock high time violation at 104.73 ns on register "|Lab_3|shft_reg[0]"
Warning: Found clock high time violation at 104.73 ns on register "|Lab_3|shft_reg[3]"
Warning: Found clock high time violation at 104.73 ns on register "|Lab_3|shft_reg[1]"
Warning: Found clock high time violation at 104.73 ns on register "|Lab_3|shft_reg[2]"
Warning: Found clock high time violation at 106.73 ns on register "|Lab_3|Output~reg0"
Warning: Found clock high time violation at 106.73 ns on register "|Lab_3|shft_reg[0]"
Warning: Found clock high time violation at 106.73 ns on register "|Lab_3|shft_reg[3]"
Warning: Found clock high time violation at 106.73 ns on register "|Lab_3|shft_reg[1]"
Warning: Found clock high time violation at 106.73 ns on register "|Lab_3|shft_reg[2]"
Warning: Found clock high time violation at 108.73 ns on register "|Lab_3|Output~reg0"
Warning: Found clock high time violation at 108.73 ns on register "|Lab_3|shft_reg[0]"
Warning: Found clock high time violation at 108.73 ns on register "|Lab_3|shft_reg[3]"
Warning: Found clock high time violation at 108.73 ns on register "|Lab_3|shft_reg[1]"
Warning: Found clock high time violation at 108.73 ns on register "|Lab_3|shft_reg[2]"
Warning: Found clock high time violation at 110.73 ns on register "|Lab_3|Output~reg0"
Warning: Found clock high time violation at 110.73 ns on register "|Lab_3|shft_reg[0]"
Warning: Found clock high time violation at 110.73 ns on register "|Lab_3|shft_reg[3]"
Warning: Found clock high time violation at 110.73 ns on register "|Lab_3|shft_reg[1]"
Warning: Found clock high time violation at 110.73 ns on register "|Lab_3|shft_reg[2]"
Warning: Found clock high time violation at 112.73 ns on register "|Lab_3|Output~reg0"
Warning: Found clock high time violation at 112.73 ns on register "|Lab_3|shft_reg[0]"
Warning: Found clock high time violation at 112.73 ns on register "|Lab_3|shft_reg[3]"
Warning: Found clock high time violation at 112.73 ns on register "|Lab_3|shft_reg[1]"
Warning: Found clock high time violation at 112.73 ns on register "|Lab_3|shft_reg[2]"
Warning: Found clock high time violation at 114.73 ns on register "|Lab_3|Output~reg0"
Warning: Found clock high time violation at 114.73 ns on register "|Lab_3|shft_reg[0]"
Warning: Found clock high time violation at 114.73 ns on register "|Lab_3|shft_reg[3]"
Warning: Found clock high time violation at 114.73 ns on register "|Lab_3|shft_reg[1]"
Warning: Found clock high time violation at 114.73 ns on register "|Lab_3|shft_reg[2]"
Warning: Found clock high time violation at 116.73 ns on register "|Lab_3|Output~reg0"
Warning: Found clock high time violation at 116.73 ns on register "|Lab_3|shft_reg[0]"
Warning: Found clock high time violation at 116.73 ns on register "|Lab_3|shft_reg[3]"
Warning: Found clock high time violation at 116.73 ns on register "|Lab_3|shft_reg[1]"
Warning: Found clock high time violation at 116.73 ns on register "|Lab_3|shft_reg[2]"
Warning: Found clock high time violation at 118.73 ns on register "|Lab_3|Output~reg0"
Warning: Found clock high time violation at 118.73 ns on register "|Lab_3|shft_reg[0]"
Warning: Found clock high time violation at 118.73 ns on register "|Lab_3|shft_reg[3]"
Warning: Found clock high time violation at 118.73 ns on register "|Lab_3|shft_reg[1]"
Warning: Found clock high time violation at 118.73 ns on register "|Lab_3|shft_reg[2]"
Warning: Found clock high time violation at 120.73 ns on register "|Lab_3|Output~reg0"
Warning: Found clock high time violation at 120.73 ns on register "|Lab_3|shft_reg[0]"
Warning: Found clock high time violation at 120.73 ns on register "|Lab_3|shft_reg[3]"
Warning: Found clock high time violation at 120.73 ns on register "|Lab_3|shft_reg[1]"
Warning: Found clock high time violation at 120.73 ns on register "|Lab_3|shft_reg[2]"
Warning: Found clock high time violation at 122.73 ns on register "|Lab_3|Output~reg0"
Warning: Found clock high time violation at 122.73 ns on register "|Lab_3|shft_reg[0]"
Warning: Found clock high time violation at 122.73 ns on register "|Lab_3|shft_reg[3]"
Warning: Found clock high time violation at 122.73 ns on register "|Lab_3|shft_reg[1]"
Warning: Found clock high time violation at 122.73 ns on register "|Lab_3|shft_reg[2]"
Warning: Found clock high time violation at 124.73 ns on register "|Lab_3|Output~reg0"
Warning: Found clock high time violation at 124.73 ns on register "|Lab_3|shft_reg[0]"
Warning: Found clock high time violation at 124.73 ns on register "|Lab_3|shft_reg[3]"
Warning: Found clock high time violation at 124.73 ns on register "|Lab_3|shft_reg[1]"
Warning: Found clock high time violation at 124.73 ns on register "|Lab_3|shft_reg[2]"
Warning: Found clock high time violation at 126.73 ns on register "|Lab_3|Output~reg0"
Warning: Found clock high time violation at 126.73 ns on register "|Lab_3|shft_reg[0]"
Warning: Found clock high time violation at 126.73 ns on register "|Lab_3|shft_reg[3]"
Warning: Found clock high time violation at 126.73 ns on register "|Lab_3|shft_reg[1]"
Warning: Found clock high time violation at 126.73 ns on register "|Lab_3|shft_reg[2]"
Warning: Found clock high time violation at 128.73 ns on register "|Lab_3|Output~reg0"
Warning: Found clock high time violation at 128.73 ns on register "|Lab_3|shft_reg[0]"
Warning: Found clock high time violation at 128.73 ns on register "|Lab_3|shft_reg[3]"
Warning: Found clock high time violation at 128.73 ns on register "|Lab_3|shft_reg[1]"
Warning: Found clock high time violation at 128.73 ns on register "|Lab_3|shft_reg[2]"
Warning: Found clock high time violation at 130.73 ns on register "|Lab_3|Output~reg0"
Warning: Found clock high time violation at 130.73 ns on register "|Lab_3|shft_reg[0]"
Warning: Found clock high time violation at 130.73 ns on register "|Lab_3|shft_reg[3]"
Warning: Found clock high time violation at 130.73 ns on register "|Lab_3|shft_reg[1]"
Warning: Found clock high time violation at 130.73 ns on register "|Lab_3|shft_reg[2]"
Warning: Found clock high time violation at 132.73 ns on register "|Lab_3|Output~reg0"
Warning: Found clock high time violation at 132.73 ns on register "|Lab_3|shft_reg[0]"
Warning: Found clock high time violation at 132.73 ns on register "|Lab_3|shft_reg[3]"
Warning: Found clock high time violation at 132.73 ns on register "|Lab_3|shft_reg[1]"
Warning: Found clock high time violation at 132.73 ns on register "|Lab_3|shft_reg[2]"
Warning: Found clock high time violation at 134.73 ns on register "|Lab_3|Output~reg0"
Warning: Found clock high time violation at 134.73 ns on register "|Lab_3|shft_reg[0]"
Warning: Found clock high time violation at 134.73 ns on register "|Lab_3|shft_reg[3]"
Warning: Found clock high time violation at 134.73 ns on register "|Lab_3|shft_reg[1]"
Warning: Found clock high time violation at 134.73 ns on register "|Lab_3|shft_reg[2]"
Warning: Found clock high time violation at 136.73 ns on register "|Lab_3|Output~reg0"
Warning: Found clock high time violation at 136.73 ns on register "|Lab_3|shft_reg[0]"
Warning: Found clock high time violation at 136.73 ns on register "|Lab_3|shft_reg[3]"
Warning: Found clock high time violation at 136.73 ns on register "|Lab_3|shft_reg[1]"
Warning: Found clock high time violation at 136.73 ns on register "|Lab_3|shft_reg[2]"
Warning: Found clock high time violation at 138.73 ns on register "|Lab_3|Output~reg0"
Warning: Found clock high time violation at 138.73 ns on register "|Lab_3|shft_reg[0]"
Warning: Found clock high time violation at 138.73 ns on register "|Lab_3|shft_reg[3]"
Warning: Found clock high time violation at 138.73 ns on register "|Lab_3|shft_reg[1]"
Warning: Found clock high time violation at 138.73 ns on register "|Lab_3|shft_reg[2]"
Warning: Found clock high time violation at 140.73 ns on register "|Lab_3|Output~reg0"
Warning: Found clock high time violation at 140.73 ns on register "|Lab_3|shft_reg[0]"
Warning: Found clock high time violation at 140.73 ns on register "|Lab_3|shft_reg[3]"
Warning: Found clock high time violation at 140.73 ns on register "|Lab_3|shft_reg[1]"
Warning: Found clock high time violation at 140.73 ns on register "|Lab_3|shft_reg[2]"
Warning: Found clock high time violation at 142.73 ns on register "|Lab_3|Output~reg0"
Warning: Found clock high time violation at 142.73 ns on register "|Lab_3|shft_reg[0]"
Warning: Found clock high time violation at 142.73 ns on register "|Lab_3|shft_reg[3]"
Warning: Found clock high time violation at 142.73 ns on register "|Lab_3|shft_reg[1]"
Warning: Found clock high time violation at 142.73 ns on register "|Lab_3|shft_reg[2]"
Warning: Found clock high time violation at 144.73 ns on register "|Lab_3|Output~reg0"
Warning: Found clock high time violation at 144.73 ns on register "|Lab_3|shft_reg[0]"
Warning: Found clock high time violation at 144.73 ns on register "|Lab_3|shft_reg[3]"
Warning: Found clock high time violation at 144.73 ns on register "|Lab_3|shft_reg[1]"
Warning: Found clock high time violation at 144.73 ns on register "|Lab_3|shft_reg[2]"
Warning: Found clock high time violation at 146.73 ns on register "|Lab_3|Output~reg0"
Warning: Found clock high time violation at 146.73 ns on register "|Lab_3|shft_reg[0]"
Warning: Found clock high time violation at 146.73 ns on register "|Lab_3|shft_reg[3]"
Warning: Found clock high time violation at 146.73 ns on register "|Lab_3|shft_reg[1]"
Warning: Found clock high time violation at 146.73 ns on register "|Lab_3|shft_reg[2]"
Warning: Found clock high time violation at 148.73 ns on register "|Lab_3|Output~reg0"
Warning: Found clock high time violation at 148.73 ns on register "|Lab_3|shft_reg[0]"
Warning: Found clock high time violation at 148.73 ns on register "|Lab_3|shft_reg[3]"
Warning: Found clock high time violation at 148.73 ns on register "|Lab_3|shft_reg[1]"
Warning: Found clock high time violation at 148.73 ns on register "|Lab_3|shft_reg[2]"
Warning: Found clock high time violation at 150.73 ns on register "|Lab_3|Output~reg0"
Warning: Found clock high time violation at 150.73 ns on register "|Lab_3|shft_reg[0]"
Warning: Found clock high time violation at 150.73 ns on register "|Lab_3|shft_reg[3]"
Warning: Found clock high time violation at 150.73 ns on register "|Lab_3|shft_reg[1]"
Warning: Found clock high time violation at 150.73 ns on register "|Lab_3|shft_reg[2]"
Warning: Found clock high time violation at 152.73 ns on register "|Lab_3|Output~reg0"
Warning: Found clock high time violation at 152.73 ns on register "|Lab_3|shft_reg[0]"
Warning: Found clock high time violation at 152.73 ns on register "|Lab_3|shft_reg[3]"
Warning: Found clock high time violation at 152.73 ns on register "|Lab_3|shft_reg[1]"
Warning: Found clock high time violation at 152.73 ns on register "|Lab_3|shft_reg[2]"
Warning: Found clock high time violation at 154.73 ns on register "|Lab_3|Output~reg0"
Warning: Found clock high time violation at 154.73 ns on register "|Lab_3|shft_reg[0]"
Warning: Found clock high time violation at 154.73 ns on register "|Lab_3|shft_reg[3]"
Warning: Found clock high time violation at 154.73 ns on register "|Lab_3|shft_reg[1]"
Warning: Found clock high time violation at 154.73 ns on register "|Lab_3|shft_reg[2]"
Warning: Found clock high time violation at 156.73 ns on register "|Lab_3|Output~reg0"
Warning: Found clock high time violation at 156.73 ns on register "|Lab_3|shft_reg[0]"
Warning: Found clock high time violation at 156.73 ns on register "|Lab_3|shft_reg[3]"
Warning: Found clock high time violation at 156.73 ns on register "|Lab_3|shft_reg[1]"
Warning: Found clock high time violation at 156.73 ns on register "|Lab_3|shft_reg[2]"
Warning: Found clock high time violation at 158.73 ns on register "|Lab_3|Output~reg0"
Warning: Found clock high time violation at 158.73 ns on register "|Lab_3|shft_reg[0]"
Warning: Found clock high time violation at 158.73 ns on register "|Lab_3|shft_reg[3]"
Warning: Found clock high time violation at 158.73 ns on register "|Lab_3|shft_reg[1]"
Warning: Found clock high time violation at 158.73 ns on register "|Lab_3|shft_reg[2]"
Warning: Found clock high time violation at 160.73 ns on register "|Lab_3|Output~reg0"
Warning: Found clock high time violation at 160.73 ns on register "|Lab_3|shft_reg[0]"
Warning: Found clock high time violation at 160.73 ns on register "|Lab_3|shft_reg[3]"
Warning: Found clock high time violation at 160.73 ns on register "|Lab_3|shft_reg[1]"
Warning: Found clock high time violation at 160.73 ns on register "|Lab_3|shft_reg[2]"
Warning: Found clock high time violation at 162.73 ns on register "|Lab_3|Output~reg0"
Warning: Found clock high time violation at 162.73 ns on register "|Lab_3|shft_reg[0]"
Warning: Found clock high time violation at 162.73 ns on register "|Lab_3|shft_reg[3]"
Warning: Found clock high time violation at 162.73 ns on register "|Lab_3|shft_reg[1]"
Warning: Found clock high time violation at 162.73 ns on register "|Lab_3|shft_reg[2]"
Warning: Found clock high time violation at 164.73 ns on register "|Lab_3|Output~reg0"
Warning: Found clock high time violation at 164.73 ns on register "|Lab_3|shft_reg[0]"
Warning: Found clock high time violation at 164.73 ns on register "|Lab_3|shft_reg[3]"
Warning: Found clock high time violation at 164.73 ns on register "|Lab_3|shft_reg[1]"
Warning: Found clock high time violation at 164.73 ns on register "|Lab_3|shft_reg[2]"
Warning: Found clock high time violation at 166.73 ns on register "|Lab_3|Output~reg0"
Warning: Found clock high time violation at 166.73 ns on register "|Lab_3|shft_reg[0]"
Warning: Found clock high time violation at 166.73 ns on register "|Lab_3|shft_reg[3]"
Warning: Found clock high time violation at 166.73 ns on register "|Lab_3|shft_reg[1]"
Warning: Found clock high time violation at 166.73 ns on register "|Lab_3|shft_reg[2]"
Warning: Found clock high time violation at 168.73 ns on register "|Lab_3|Output~reg0"
Warning: Found clock high time violation at 168.73 ns on register "|Lab_3|shft_reg[0]"
Warning: Found clock high time violation at 168.73 ns on register "|Lab_3|shft_reg[3]"
Warning: Found clock high time violation at 168.73 ns on register "|Lab_3|shft_reg[1]"
Warning: Found clock high time violation at 168.73 ns on register "|Lab_3|shft_reg[2]"
Warning: Found clock high time violation at 170.73 ns on register "|Lab_3|Output~reg0"
Warning: Found clock high time violation at 170.73 ns on register "|Lab_3|shft_reg[0]"
Warning: Found clock high time violation at 170.73 ns on register "|Lab_3|shft_reg[3]"
Warning: Found clock high time violation at 170.73 ns on register "|Lab_3|shft_reg[1]"
Warning: Found clock high time violation at 170.73 ns on register "|Lab_3|shft_reg[2]"
Warning: Found clock high time violation at 172.73 ns on register "|Lab_3|Output~reg0"
Warning: Found clock high time violation at 172.73 ns on register "|Lab_3|shft_reg[0]"
Warning: Found clock high time violation at 172.73 ns on register "|Lab_3|shft_reg[3]"
Warning: Found clock high time violation at 172.73 ns on register "|Lab_3|shft_reg[1]"
Warning: Found clock high time violation at 172.73 ns on register "|Lab_3|shft_reg[2]"
Warning: Found clock high time violation at 174.73 ns on register "|Lab_3|Output~reg0"
Warning: Found clock high time violation at 174.73 ns on register "|Lab_3|shft_reg[0]"
Warning: Found clock high time violation at 174.73 ns on register "|Lab_3|shft_reg[3]"
Warning: Found clock high time violation at 174.73 ns on register "|Lab_3|shft_reg[1]"
Warning: Found clock high time violation at 174.73 ns on register "|Lab_3|shft_reg[2]"
Warning: Found clock high time violation at 176.73 ns on register "|Lab_3|Output~reg0"
Warning: Found clock high time violation at 176.73 ns on register "|Lab_3|shft_reg[0]"
Warning: Found clock high time violation at 176.73 ns on register "|Lab_3|shft_reg[3]"
Warning: Found clock high time violation at 176.73 ns on register "|Lab_3|shft_reg[1]"
Warning: Found clock high time violation at 176.73 ns on register "|Lab_3|shft_reg[2]"
Warning: Found clock high time violation at 178.73 ns on register "|Lab_3|Output~reg0"
Warning: Found clock high time violation at 178.73 ns on register "|Lab_3|shft_reg[0]"
Warning: Found clock high time violation at 178.73 ns on register "|Lab_3|shft_reg[3]"
Warning: Found clock high time violation at 178.73 ns on register "|Lab_3|shft_reg[1]"
Warning: Found clock high time violation at 178.73 ns on register "|Lab_3|shft_reg[2]"
Warning: Found clock high time violation at 180.73 ns on register "|Lab_3|Output~reg0"
Warning: Found clock high time violation at 180.73 ns on register "|Lab_3|shft_reg[0]"
Warning: Found clock high time violation at 180.73 ns on register "|Lab_3|shft_reg[3]"
Warning: Found clock high time violation at 180.73 ns on register "|Lab_3|shft_reg[1]"
Warning: Found clock high time violation at 180.73 ns on register "|Lab_3|shft_reg[2]"
Warning: Found clock high time violation at 182.73 ns on register "|Lab_3|Output~reg0"
Warning: Found clock high time violation at 182.73 ns on register "|Lab_3|shft_reg[0]"
Warning: Found clock high time violation at 182.73 ns on register "|Lab_3|shft_reg[3]"
Warning: Found clock high time violation at 182.73 ns on register "|Lab_3|shft_reg[1]"
Warning: Found clock high time violation at 182.73 ns on register "|Lab_3|shft_reg[2]"
Warning: Found clock high time violation at 184.73 ns on register "|Lab_3|Output~reg0"
Warning: Found clock high time violation at 184.73 ns on register "|Lab_3|shft_reg[0]"
Warning: Found clock high time violation at 184.73 ns on register "|Lab_3|shft_reg[3]"
Warning: Found clock high time violation at 184.73 ns on register "|Lab_3|shft_reg[1]"
Warning: Found clock high time violation at 184.73 ns on register "|Lab_3|shft_reg[2]"
Warning: Found clock high time violation at 186.73 ns on register "|Lab_3|Output~reg0"
Warning: Found clock high time violation at 186.73 ns on register "|Lab_3|shft_reg[0]"
Warning: Found clock high time violation at 186.73 ns on register "|Lab_3|shft_reg[3]"
Warning: Found clock high time violation at 186.73 ns on register "|Lab_3|shft_reg[1]"
Warning: Found clock high time violation at 186.73 ns on register "|Lab_3|shft_reg[2]"
Warning: Found clock high time violation at 188.73 ns on register "|Lab_3|Output~reg0"
Warning: Found clock high time violation at 188.73 ns on register "|Lab_3|shft_reg[0]"
Warning: Found clock high time violation at 188.73 ns on register "|Lab_3|shft_reg[3]"
Warning: Found clock high time violation at 188.73 ns on register "|Lab_3|shft_reg[1]"
Warning: Found clock high time violation at 188.73 ns on register "|Lab_3|shft_reg[2]"
Warning: Found clock high time violation at 190.73 ns on register "|Lab_3|Output~reg0"
Warning: Found clock high time violation at 190.73 ns on register "|Lab_3|shft_reg[0]"
Warning: Found clock high time violation at 190.73 ns on register "|Lab_3|shft_reg[3]"
Warning: Found clock high time violation at 190.73 ns on register "|Lab_3|shft_reg[1]"
Warning: Found clock high time violation at 190.73 ns on register "|Lab_3|shft_reg[2]"
Warning: Found clock high time violation at 192.73 ns on register "|Lab_3|Output~reg0"
Warning: Found clock high time violation at 192.73 ns on register "|Lab_3|shft_reg[0]"
Warning: Found clock high time violation at 192.73 ns on register "|Lab_3|shft_reg[3]"
Warning: Found clock high time violation at 192.73 ns on register "|Lab_3|shft_reg[1]"
Warning: Found clock high time violation at 192.73 ns on register "|Lab_3|shft_reg[2]"
Warning: Found clock high time violation at 194.73 ns on register "|Lab_3|Output~reg0"
Warning: Found clock high time violation at 194.73 ns on register "|Lab_3|shft_reg[0]"
Warning: Found clock high time violation at 194.73 ns on register "|Lab_3|shft_reg[3]"
Warning: Found clock high time violation at 194.73 ns on register "|Lab_3|shft_reg[1]"
Warning: Found clock high time violation at 194.73 ns on register "|Lab_3|shft_reg[2]"
Warning: Found clock high time violation at 196.73 ns on register "|Lab_3|Output~reg0"
Warning: Found clock high time violation at 196.73 ns on register "|Lab_3|shft_reg[0]"
Warning: Found clock high time violation at 196.73 ns on register "|Lab_3|shft_reg[3]"
Warning: Found clock high time violation at 196.73 ns on register "|Lab_3|shft_reg[1]"
Warning: Found clock high time violation at 196.73 ns on register "|Lab_3|shft_reg[2]"
Warning: Found clock high time violation at 198.73 ns on register "|Lab_3|Output~reg0"
Warning: Found clock high time violation at 198.73 ns on register "|Lab_3|shft_reg[0]"
Warning: Found clock high time violation at 198.73 ns on register "|Lab_3|shft_reg[3]"
Warning: Found clock high time violation at 198.73 ns on register "|Lab_3|shft_reg[1]"
Warning: Found clock high time violation at 198.73 ns on register "|Lab_3|shft_reg[2]"
Warning: Found clock high time violation at 200.73 ns on register "|Lab_3|Output~reg0"
Warning: Found clock high time violation at 200.73 ns on register "|Lab_3|shft_reg[0]"
Warning: Found clock high time violation at 200.73 ns on register "|Lab_3|shft_reg[3]"
Warning: Found clock high time violation at 200.73 ns on register "|Lab_3|shft_reg[1]"
Warning: Found clock high time violation at 200.73 ns on register "|Lab_3|shft_reg[2]"
Warning: Found clock high time violation at 202.73 ns on register "|Lab_3|Output~reg0"
Warning: Found clock high time violation at 202.73 ns on register "|Lab_3|shft_reg[0]"
Warning: Found clock high time violation at 202.73 ns on register "|Lab_3|shft_reg[3]"
Warning: Found clock high time violation at 202.73 ns on register "|Lab_3|shft_reg[1]"
Warning: Found clock high time violation at 202.73 ns on register "|Lab_3|shft_reg[2]"
Warning: Found clock high time violation at 204.73 ns on register "|Lab_3|Output~reg0"
Warning: Found clock high time violation at 204.73 ns on register "|Lab_3|shft_reg[0]"
Warning: Found clock high time violation at 204.73 ns on register "|Lab_3|shft_reg[3]"
Warning: Found clock high time violation at 204.73 ns on register "|Lab_3|shft_reg[1]"
Warning: Found clock high time violation at 204.73 ns on register "|Lab_3|shft_reg[2]"
Warning: Found clock high time violation at 206.73 ns on register "|Lab_3|Output~reg0"
Warning: Found clock high time violation at 206.73 ns on register "|Lab_3|shft_reg[0]"
Warning: Found clock high time violation at 206.73 ns on register "|Lab_3|shft_reg[3]"
Warning: Found clock high time violation at 206.73 ns on register "|Lab_3|shft_reg[1]"
Warning: Found clock high time violation at 206.73 ns on register "|Lab_3|shft_reg[2]"
Warning: Found clock high time violation at 208.73 ns on register "|Lab_3|Output~reg0"
Warning: Found clock high time violation at 208.73 ns on register "|Lab_3|shft_reg[0]"
Warning: Found clock high time violation at 208.73 ns on register "|Lab_3|shft_reg[3]"
Warning: Found clock high time violation at 208.73 ns on register "|Lab_3|shft_reg[1]"
Warning: Found clock high time violation at 208.73 ns on register "|Lab_3|shft_reg[2]"
Warning: Found clock high time violation at 210.73 ns on register "|Lab_3|Output~reg0"
Warning: Found clock high time violation at 210.73 ns on register "|Lab_3|shft_reg[0]"
Warning: Found clock high time violation at 210.73 ns on register "|Lab_3|shft_reg[3]"
Warning: Found clock high time violation at 210.73 ns on register "|Lab_3|shft_reg[1]"
Warning: Found clock high time violation at 210.73 ns on register "|Lab_3|shft_reg[2]"
Warning: Found clock high time violation at 212.73 ns on register "|Lab_3|Output~reg0"
Warning: Found clock high time violation at 212.73 ns on register "|Lab_3|shft_reg[0]"
Warning: Found clock high time violation at 212.73 ns on register "|Lab_3|shft_reg[3]"
Warning: Found clock high time violation at 212.73 ns on register "|Lab_3|shft_reg[1]"
Warning: Found clock high time violation at 212.73 ns on register "|Lab_3|shft_reg[2]"
Warning: Found clock high time violation at 214.73 ns on register "|Lab_3|Output~reg0"
Warning: Found clock high time violation at 214.73 ns on register "|Lab_3|shft_reg[0]"
Warning: Found clock high time violation at 214.73 ns on register "|Lab_3|shft_reg[3]"
Warning: Found clock high time violation at 214.73 ns on register "|Lab_3|shft_reg[1]"
Warning: Found clock high time violation at 214.73 ns on register "|Lab_3|shft_reg[2]"
Warning: Found clock high time violation at 216.73 ns on register "|Lab_3|Output~reg0"
Warning: Found clock high time violation at 216.73 ns on register "|Lab_3|shft_reg[0]"
Warning: Found clock high time violation at 216.73 ns on register "|Lab_3|shft_reg[3]"
Warning: Found clock high time violation at 216.73 ns on register "|Lab_3|shft_reg[1]"
Warning: Found clock high time violation at 216.73 ns on register "|Lab_3|shft_reg[2]"
Warning: Found clock high time violation at 218.73 ns on register "|Lab_3|Output~reg0"
Warning: Found clock high time violation at 218.73 ns on register "|Lab_3|shft_reg[0]"
Warning: Found clock high time violation at 218.73 ns on register "|Lab_3|shft_reg[3]"
Warning: Found clock high time violation at 218.73 ns on register "|Lab_3|shft_reg[1]"
Warning: Found clock high time violation at 218.73 ns on register "|Lab_3|shft_reg[2]"
Warning: Found clock high time violation at 220.73 ns on register "|Lab_3|Output~reg0"
Warning: Found clock high time violation at 220.73 ns on register "|Lab_3|shft_reg[0]"
Warning: Found clock high time violation at 220.73 ns on register "|Lab_3|shft_reg[3]"
Warning: Found clock high time violation at 220.73 ns on register "|Lab_3|shft_reg[1]"
Warning: Found clock high time violation at 220.73 ns on register "|Lab_3|shft_reg[2]"
Warning: Found clock high time violation at 222.73 ns on register "|Lab_3|Output~reg0"
Warning: Found clock high time violation at 222.73 ns on register "|Lab_3|shft_reg[0]"
Warning: Found clock high time violation at 222.73 ns on register "|Lab_3|shft_reg[3]"
Warning: Found clock high time violation at 222.73 ns on register "|Lab_3|shft_reg[1]"
Warning: Found clock high time violation at 222.73 ns on register "|Lab_3|shft_reg[2]"
Warning: Found clock high time violation at 224.73 ns on register "|Lab_3|Output~reg0"
Warning: Found clock high time violation at 224.73 ns on register "|Lab_3|shft_reg[0]"
Warning: Found clock high time violation at 224.73 ns on register "|Lab_3|shft_reg[3]"
Warning: Found clock high time violation at 224.73 ns on register "|Lab_3|shft_reg[1]"
Warning: Found clock high time violation at 224.73 ns on register "|Lab_3|shft_reg[2]"
Warning: Found clock high time violation at 226.73 ns on register "|Lab_3|Output~reg0"
Warning: Found clock high time violation at 226.73 ns on register "|Lab_3|shft_reg[0]"
Warning: Found clock high time violation at 226.73 ns on register "|Lab_3|shft_reg[3]"
Warning: Found clock high time violation at 226.73 ns on register "|Lab_3|shft_reg[1]"
Warning: Found clock high time violation at 226.73 ns on register "|Lab_3|shft_reg[2]"
Warning: Found clock high time violation at 228.73 ns on register "|Lab_3|Output~reg0"
Warning: Found clock high time violation at 228.73 ns on register "|Lab_3|shft_reg[0]"
Warning: Found clock high time violation at 228.73 ns on register "|Lab_3|shft_reg[3]"
Warning: Found clock high time violation at 228.73 ns on register "|Lab_3|shft_reg[1]"
Warning: Found clock high time violation at 228.73 ns on register "|Lab_3|shft_reg[2]"
Warning: Found clock high time violation at 230.73 ns on register "|Lab_3|Output~reg0"
Warning: Found clock high time violation at 230.73 ns on register "|Lab_3|shft_reg[0]"
Warning: Found clock high time violation at 230.73 ns on register "|Lab_3|shft_reg[3]"
Warning: Found clock high time violation at 230.73 ns on register "|Lab_3|shft_reg[1]"
Warning: Found clock high time violation at 230.73 ns on register "|Lab_3|shft_reg[2]"
Warning: Found clock high time violation at 232.73 ns on register "|Lab_3|Output~reg0"
Warning: Found clock high time violation at 232.73 ns on register "|Lab_3|shft_reg[0]"
Warning: Found clock high time violation at 232.73 ns on register "|Lab_3|shft_reg[3]"
Warning: Found clock high time violation at 232.73 ns on register "|Lab_3|shft_reg[1]"
Warning: Found clock high time violation at 232.73 ns on register "|Lab_3|shft_reg[2]"
Warning: Found clock high time violation at 234.73 ns on register "|Lab_3|Output~reg0"
Warning: Found clock high time violation at 234.73 ns on register "|Lab_3|shft_reg[0]"
Warning: Found clock high time violation at 234.73 ns on register "|Lab_3|shft_reg[3]"
Warning: Found clock high time violation at 234.73 ns on register "|Lab_3|shft_reg[1]"
Warning: Found clock high time violation at 234.73 ns on register "|Lab_3|shft_reg[2]"
Warning: Found clock high time violation at 236.73 ns on register "|Lab_3|Output~reg0"
Warning: Found clock high time violation at 236.73 ns on register "|Lab_3|shft_reg[0]"
Warning: Found clock high time violation at 236.73 ns on register "|Lab_3|shft_reg[3]"
Warning: Found clock high time violation at 236.73 ns on register "|Lab_3|shft_reg[1]"
Warning: Found clock high time violation at 236.73 ns on register "|Lab_3|shft_reg[2]"
Warning: Found clock high time violation at 238.73 ns on register "|Lab_3|Output~reg0"
Warning: Found clock high time violation at 238.73 ns on register "|Lab_3|shft_reg[0]"
Warning: Found clock high time violation at 238.73 ns on register "|Lab_3|shft_reg[3]"
Warning: Found clock high time violation at 238.73 ns on register "|Lab_3|shft_reg[1]"
Warning: Found clock high time violation at 238.73 ns on register "|Lab_3|shft_reg[2]"
Warning: Found clock high time violation at 240.73 ns on register "|Lab_3|Output~reg0"
Warning: Found clock high time violation at 240.73 ns on register "|Lab_3|shft_reg[0]"
Warning: Found clock high time violation at 240.73 ns on register "|Lab_3|shft_reg[3]"
Warning: Found clock high time violation at 240.73 ns on register "|Lab_3|shft_reg[1]"
Warning: Found clock high time violation at 240.73 ns on register "|Lab_3|shft_reg[2]"
Warning: Found clock high time violation at 242.73 ns on register "|Lab_3|Output~reg0"
Warning: Found clock high time violation at 242.73 ns on register "|Lab_3|shft_reg[0]"
Warning: Found clock high time violation at 242.73 ns on register "|Lab_3|shft_reg[3]"
Warning: Found clock high time violation at 242.73 ns on register "|Lab_3|shft_reg[1]"
Warning: Found clock high time violation at 242.73 ns on register "|Lab_3|shft_reg[2]"
Warning: Found clock high time violation at 244.73 ns on register "|Lab_3|Output~reg0"
Warning: Found clock high time violation at 244.73 ns on register "|Lab_3|shft_reg[0]"
Warning: Found clock high time violation at 244.73 ns on register "|Lab_3|shft_reg[3]"
Warning: Found clock high time violation at 244.73 ns on register "|Lab_3|shft_reg[1]"
Warning: Found clock high time violation at 244.73 ns on register "|Lab_3|shft_reg[2]"
Warning: Found clock high time violation at 246.73 ns on register "|Lab_3|Output~reg0"
Warning: Found clock high time violation at 246.73 ns on register "|Lab_3|shft_reg[0]"
Warning: Found clock high time violation at 246.73 ns on register "|Lab_3|shft_reg[3]"
Warning: Found clock high time violation at 246.73 ns on register "|Lab_3|shft_reg[1]"
Warning: Found clock high time violation at 246.73 ns on register "|Lab_3|shft_reg[2]"
Warning: Found clock high time violation at 248.73 ns on register "|Lab_3|Output~reg0"
Warning: Found clock high time violation at 248.73 ns on register "|Lab_3|shft_reg[0]"
Warning: Found clock high time violation at 248.73 ns on register "|Lab_3|shft_reg[3]"
Warning: Found clock high time violation at 248.73 ns on register "|Lab_3|shft_reg[1]"
Warning: Found clock high time violation at 248.73 ns on register "|Lab_3|shft_reg[2]"
Warning: Found clock high time violation at 250.73 ns on register "|Lab_3|Output~reg0"
Warning: Found clock high time violation at 250.73 ns on register "|Lab_3|shft_reg[0]"
Warning: Found clock high time violation at 250.73 ns on register "|Lab_3|shft_reg[3]"
Warning: Found clock high time violation at 250.73 ns on register "|Lab_3|shft_reg[1]"
Warning: Found clock high time violation at 250.73 ns on register "|Lab_3|shft_reg[2]"
Warning: Found clock high time violation at 252.73 ns on register "|Lab_3|Output~reg0"
Warning: Found clock high time violation at 252.73 ns on register "|Lab_3|shft_reg[0]"
Warning: Found clock high time violation at 252.73 ns on register "|Lab_3|shft_reg[3]"
Warning: Found clock high time violation at 252.73 ns on register "|Lab_3|shft_reg[1]"
Warning: Found clock high time violation at 252.73 ns on register "|Lab_3|shft_reg[2]"
Warning: Found clock high time violation at 254.73 ns on register "|Lab_3|Output~reg0"
Warning: Found clock high time violation at 254.73 ns on register "|Lab_3|shft_reg[0]"
Warning: Found clock high time violation at 254.73 ns on register "|Lab_3|shft_reg[3]"
Warning: Found clock high time violation at 254.73 ns on register "|Lab_3|shft_reg[1]"
Warning: Found clock high time violation at 254.73 ns on register "|Lab_3|shft_reg[2]"
Warning: Found clock high time violation at 256.73 ns on register "|Lab_3|Output~reg0"
Warning: Found clock high time violation at 256.73 ns on register "|Lab_3|shft_reg[0]"
Warning: Found clock high time violation at 256.73 ns on register "|Lab_3|shft_reg[3]"
Warning: Found clock high time violation at 256.73 ns on register "|Lab_3|shft_reg[1]"
Warning: Found clock high time violation at 256.73 ns on register "|Lab_3|shft_reg[2]"
Warning: Found clock high time violation at 258.73 ns on register "|Lab_3|Output~reg0"
Warning: Found clock high time violation at 258.73 ns on register "|Lab_3|shft_reg[0]"
Warning: Found clock high time violation at 258.73 ns on register "|Lab_3|shft_reg[3]"
Warning: Found clock high time violation at 258.73 ns on register "|Lab_3|shft_reg[1]"
Warning: Found clock high time violation at 258.73 ns on register "|Lab_3|shft_reg[2]"
Warning: Found clock high time violation at 260.73 ns on register "|Lab_3|Output~reg0"
Warning: Found clock high time violation at 260.73 ns on register "|Lab_3|shft_reg[0]"
Warning: Found clock high time violation at 260.73 ns on register "|Lab_3|shft_reg[3]"
Warning: Found clock high time violation at 260.73 ns on register "|Lab_3|shft_reg[1]"
Warning: Found clock high time violation at 260.73 ns on register "|Lab_3|shft_reg[2]"
Warning: Found clock high time violation at 262.73 ns on register "|Lab_3|Output~reg0"
Warning: Found clock high time violation at 262.73 ns on register "|Lab_3|shft_reg[0]"
Warning: Found clock high time violation at 262.73 ns on register "|Lab_3|shft_reg[3]"
Warning: Found clock high time violation at 262.73 ns on register "|Lab_3|shft_reg[1]"
Warning: Found clock high time violation at 262.73 ns on register "|Lab_3|shft_reg[2]"
Warning: Found clock high time violation at 264.73 ns on register "|Lab_3|Output~reg0"
Warning: Found clock high time violation at 264.73 ns on register "|Lab_3|shft_reg[0]"
Warning: Found clock high time violation at 264.73 ns on register "|Lab_3|shft_reg[3]"
Warning: Found clock high time violation at 264.73 ns on register "|Lab_3|shft_reg[1]"
Warning: Found clock high time violation at 264.73 ns on register "|Lab_3|shft_reg[2]"
Warning: Found clock high time violation at 266.73 ns on register "|Lab_3|Output~reg0"
Warning: Found clock high time violation at 266.73 ns on register "|Lab_3|shft_reg[0]"
Warning: Found clock high time violation at 266.73 ns on register "|Lab_3|shft_reg[3]"
Warning: Found clock high time violation at 266.73 ns on register "|Lab_3|shft_reg[1]"
Warning: Found clock high time violation at 266.73 ns on register "|Lab_3|shft_reg[2]"
Warning: Found clock high time violation at 268.73 ns on register "|Lab_3|Output~reg0"
Warning: Found clock high time violation at 268.73 ns on register "|Lab_3|shft_reg[0]"
Warning: Found clock high time violation at 268.73 ns on register "|Lab_3|shft_reg[3]"
Warning: Found clock high time violation at 268.73 ns on register "|Lab_3|shft_reg[1]"
Warning: Found clock high time violation at 268.73 ns on register "|Lab_3|shft_reg[2]"
Warning: Found clock high time violation at 270.73 ns on register "|Lab_3|Output~reg0"
Warning: Found clock high time violation at 270.73 ns on register "|Lab_3|shft_reg[0]"
Warning: Found clock high time violation at 270.73 ns on register "|Lab_3|shft_reg[3]"
Warning: Found clock high time violation at 270.73 ns on register "|Lab_3|shft_reg[1]"
Warning: Found clock high time violation at 270.73 ns on register "|Lab_3|shft_reg[2]"
Warning: Found clock high time violation at 272.73 ns on register "|Lab_3|Output~reg0"
Warning: Found clock high time violation at 272.73 ns on register "|Lab_3|shft_reg[0]"
Warning: Found clock high time violation at 272.73 ns on register "|Lab_3|shft_reg[3]"
Warning: Found clock high time violation at 272.73 ns on register "|Lab_3|shft_reg[1]"
Warning: Found clock high time violation at 272.73 ns on register "|Lab_3|shft_reg[2]"
Warning: Found clock high time violation at 274.73 ns on register "|Lab_3|Output~reg0"
Warning: Found clock high time violation at 274.73 ns on register "|Lab_3|shft_reg[0]"
Warning: Found clock high time violation at 274.73 ns on register "|Lab_3|shft_reg[3]"
Warning: Found clock high time violation at 274.73 ns on register "|Lab_3|shft_reg[1]"
Warning: Found clock high time violation at 274.73 ns on register "|Lab_3|shft_reg[2]"
Warning: Found clock high time violation at 276.73 ns on register "|Lab_3|Output~reg0"
Warning: Found clock high time violation at 276.73 ns on register "|Lab_3|shft_reg[0]"
Warning: Found clock high time violation at 276.73 ns on register "|Lab_3|shft_reg[3]"
Warning: Found clock high time violation at 276.73 ns on register "|Lab_3|shft_reg[1]"
Warning: Found clock high time violation at 276.73 ns on register "|Lab_3|shft_reg[2]"
Warning: Found clock high time violation at 278.73 ns on register "|Lab_3|Output~reg0"
Warning: Found clock high time violation at 278.73 ns on register "|Lab_3|shft_reg[0]"
Warning: Found clock high time violation at 278.73 ns on register "|Lab_3|shft_reg[3]"
Warning: Found clock high time violation at 278.73 ns on register "|Lab_3|shft_reg[1]"
Warning: Found clock high time violation at 278.73 ns on register "|Lab_3|shft_reg[2]"
Warning: Found clock high time violation at 280.73 ns on register "|Lab_3|Output~reg0"
Warning: Found clock high time violation at 280.73 ns on register "|Lab_3|shft_reg[0]"
Warning: Found clock high time violation at 280.73 ns on register "|Lab_3|shft_reg[3]"
Warning: Found clock high time violation at 280.73 ns on register "|Lab_3|shft_reg[1]"
Warning: Found clock high time violation at 280.73 ns on register "|Lab_3|shft_reg[2]"
Warning: Found clock high time violation at 282.73 ns on register "|Lab_3|Output~reg0"
Warning: Found clock high time violation at 282.73 ns on register "|Lab_3|shft_reg[0]"
Warning: Found clock high time violation at 282.73 ns on register "|Lab_3|shft_reg[3]"
Warning: Found clock high time violation at 282.73 ns on register "|Lab_3|shft_reg[1]"
Warning: Found clock high time violation at 282.73 ns on register "|Lab_3|shft_reg[2]"
Warning: Found clock high time violation at 284.73 ns on register "|Lab_3|Output~reg0"
Warning: Found clock high time violation at 284.73 ns on register "|Lab_3|shft_reg[0]"
Warning: Found clock high time violation at 284.73 ns on register "|Lab_3|shft_reg[3]"
Warning: Found clock high time violation at 284.73 ns on register "|Lab_3|shft_reg[1]"
Warning: Found clock high time violation at 284.73 ns on register "|Lab_3|shft_reg[2]"
Warning: Found clock high time violation at 286.73 ns on register "|Lab_3|Output~reg0"
Warning: Found clock high time violation at 286.73 ns on register "|Lab_3|shft_reg[0]"
Warning: Found clock high time violation at 286.73 ns on register "|Lab_3|shft_reg[3]"
Warning: Found clock high time violation at 286.73 ns on register "|Lab_3|shft_reg[1]"
Warning: Found clock high time violation at 286.73 ns on register "|Lab_3|shft_reg[2]"
Warning: Found clock high time violation at 288.73 ns on register "|Lab_3|Output~reg0"
Warning: Found clock high time violation at 288.73 ns on register "|Lab_3|shft_reg[0]"
Warning: Found clock high time violation at 288.73 ns on register "|Lab_3|shft_reg[3]"
Warning: Found clock high time violation at 288.73 ns on register "|Lab_3|shft_reg[1]"
Warning: Found clock high time violation at 288.73 ns on register "|Lab_3|shft_reg[2]"
Warning: Found clock high time violation at 290.73 ns on register "|Lab_3|Output~reg0"
Warning: Found clock high time violation at 290.73 ns on register "|Lab_3|shft_reg[0]"
Warning: Found clock high time violation at 290.73 ns on register "|Lab_3|shft_reg[3]"
Warning: Found clock high time violation at 290.73 ns on register "|Lab_3|shft_reg[1]"
Warning: Found clock high time violation at 290.73 ns on register "|Lab_3|shft_reg[2]"
Warning: Found clock high time violation at 292.73 ns on register "|Lab_3|Output~reg0"
Warning: Found clock high time violation at 292.73 ns on register "|Lab_3|shft_reg[0]"
Warning: Found clock high time violation at 292.73 ns on register "|Lab_3|shft_reg[3]"
Warning: Found clock high time violation at 292.73 ns on register "|Lab_3|shft_reg[1]"
Warning: Found clock high time violation at 292.73 ns on register "|Lab_3|shft_reg[2]"
Warning: Found clock high time violation at 294.73 ns on register "|Lab_3|Output~reg0"
Warning: Found clock high time violation at 294.73 ns on register "|Lab_3|shft_reg[0]"
Warning: Found clock high time violation at 294.73 ns on register "|Lab_3|shft_reg[3]"
Warning: Found clock high time violation at 294.73 ns on register "|Lab_3|shft_reg[1]"
Warning: Found clock high time violation at 294.73 ns on register "|Lab_3|shft_reg[2]"
Warning: Found clock high time violation at 296.73 ns on register "|Lab_3|Output~reg0"
Warning: Found clock high time violation at 296.73 ns on register "|Lab_3|shft_reg[0]"
Warning: Found clock high time violation at 296.73 ns on register "|Lab_3|shft_reg[3]"
Warning: Found clock high time violation at 296.73 ns on register "|Lab_3|shft_reg[1]"
Warning: Found clock high time violation at 296.73 ns on register "|Lab_3|shft_reg[2]"
Warning: Found clock high time violation at 298.73 ns on register "|Lab_3|Output~reg0"
Warning: Found clock high time violation at 298.73 ns on register "|Lab_3|shft_reg[0]"
Warning: Found clock high time violation at 298.73 ns on register "|Lab_3|shft_reg[3]"
Warning: Found clock high time violation at 298.73 ns on register "|Lab_3|shft_reg[1]"
Warning: Found clock high time violation at 298.73 ns on register "|Lab_3|shft_reg[2]"
Warning: Found clock high time violation at 300.73 ns on register "|Lab_3|Output~reg0"
Warning: Found clock high time violation at 300.73 ns on register "|Lab_3|shft_reg[0]"
Warning: Found clock high time violation at 300.73 ns on register "|Lab_3|shft_reg[3]"
Warning: Found clock high time violation at 300.73 ns on register "|Lab_3|shft_reg[1]"
Warning: Found clock high time violation at 300.73 ns on register "|Lab_3|shft_reg[2]"
Warning: Found clock high time violation at 302.73 ns on register "|Lab_3|Output~reg0"
Warning: Found clock high time violation at 302.73 ns on register "|Lab_3|shft_reg[0]"
Warning: Found clock high time violation at 302.73 ns on register "|Lab_3|shft_reg[3]"
Warning: Found clock high time violation at 302.73 ns on register "|Lab_3|shft_reg[1]"
Warning: Found clock high time violation at 302.73 ns on register "|Lab_3|shft_reg[2]"
Warning: Found clock high time violation at 304.73 ns on register "|Lab_3|Output~reg0"
Warning: Found clock high time violation at 304.73 ns on register "|Lab_3|shft_reg[0]"
Warning: Found clock high time violation at 304.73 ns on register "|Lab_3|shft_reg[3]"
Warning: Found clock high time violation at 304.73 ns on register "|Lab_3|shft_reg[1]"
Warning: Found clock high time violation at 304.73 ns on register "|Lab_3|shft_reg[2]"
Warning: Found clock high time violation at 306.73 ns on register "|Lab_3|Output~reg0"
Warning: Found clock high time violation at 306.73 ns on register "|Lab_3|shft_reg[0]"
Warning: Found clock high time violation at 306.73 ns on register "|Lab_3|shft_reg[3]"
Warning: Found clock high time violation at 306.73 ns on register "|Lab_3|shft_reg[1]"
Warning: Found clock high time violation at 306.73 ns on register "|Lab_3|shft_reg[2]"
Warning: Found clock high time violation at 308.73 ns on register "|Lab_3|Output~reg0"
Warning: Found clock high time violation at 308.73 ns on register "|Lab_3|shft_reg[0]"
Warning: Found clock high time violation at 308.73 ns on register "|Lab_3|shft_reg[3]"
Warning: Found clock high time violation at 308.73 ns on register "|Lab_3|shft_reg[1]"
Warning: Found clock high time violation at 308.73 ns on register "|Lab_3|shft_reg[2]"
Warning: Found clock high time violation at 310.73 ns on register "|Lab_3|Output~reg0"
Warning: Found clock high time violation at 310.73 ns on register "|Lab_3|shft_reg[0]"
Warning: Found clock high time violation at 310.73 ns on register "|Lab_3|shft_reg[3]"
Warning: Found clock high time violation at 310.73 ns on register "|Lab_3|shft_reg[1]"
Warning: Found clock high time violation at 310.73 ns on register "|Lab_3|shft_reg[2]"
Warning: Found clock high time violation at 312.73 ns on register "|Lab_3|Output~reg0"
Warning: Found clock high time violation at 312.73 ns on register "|Lab_3|shft_reg[0]"
Warning: Found clock high time violation at 312.73 ns on register "|Lab_3|shft_reg[3]"
Warning: Found clock high time violation at 312.73 ns on register "|Lab_3|shft_reg[1]"
Warning: Found clock high time violation at 312.73 ns on register "|Lab_3|shft_reg[2]"
Warning: Found clock high time violation at 314.73 ns on register "|Lab_3|Output~reg0"
Warning: Found clock high time violation at 314.73 ns on register "|Lab_3|shft_reg[0]"
Warning: Found clock high time violation at 314.73 ns on register "|Lab_3|shft_reg[3]"
Warning: Found clock high time violation at 314.73 ns on register "|Lab_3|shft_reg[1]"
Warning: Found clock high time violation at 314.73 ns on register "|Lab_3|shft_reg[2]"
Warning: Found clock high time violation at 316.73 ns on register "|Lab_3|Output~reg0"
Warning: Found clock high time violation at 316.73 ns on register "|Lab_3|shft_reg[0]"
Warning: Found clock high time violation at 316.73 ns on register "|Lab_3|shft_reg[3]"
Warning: Found clock high time violation at 316.73 ns on register "|Lab_3|shft_reg[1]"
Warning: Found clock high time violation at 316.73 ns on register "|Lab_3|shft_reg[2]"
Warning: Found clock high time violation at 318.73 ns on register "|Lab_3|Output~reg0"
Warning: Found clock high time violation at 318.73 ns on register "|Lab_3|shft_reg[0]"
Warning: Found clock high time violation at 318.73 ns on register "|Lab_3|shft_reg[3]"
Warning: Found clock high time violation at 318.73 ns on register "|Lab_3|shft_reg[1]"
Warning: Found clock high time violation at 318.73 ns on register "|Lab_3|shft_reg[2]"
Warning: Found clock high time violation at 320.73 ns on register "|Lab_3|Output~reg0"
Warning: Found clock high time violation at 320.73 ns on register "|Lab_3|shft_reg[0]"
Warning: Found clock high time violation at 320.73 ns on register "|Lab_3|shft_reg[3]"
Warning: Found clock high time violation at 320.73 ns on register "|Lab_3|shft_reg[1]"
Warning: Found clock high time violation at 320.73 ns on register "|Lab_3|shft_reg[2]"
Warning: Found clock high time violation at 322.73 ns on register "|Lab_3|Output~reg0"
Warning: Found clock high time violation at 322.73 ns on register "|Lab_3|shft_reg[0]"
Warning: Found clock high time violation at 322.73 ns on register "|Lab_3|shft_reg[3]"
Warning: Found clock high time violation at 322.73 ns on register "|Lab_3|shft_reg[1]"
Warning: Found clock high time violation at 322.73 ns on register "|Lab_3|shft_reg[2]"
Warning: Found clock high time violation at 324.73 ns on register "|Lab_3|Output~reg0"
Warning: Found clock high time violation at 324.73 ns on register "|Lab_3|shft_reg[0]"
Warning: Found clock high time violation at 324.73 ns on register "|Lab_3|shft_reg[3]"
Warning: Found clock high time violation at 324.73 ns on register "|Lab_3|shft_reg[1]"
Warning: Found clock high time violation at 324.73 ns on register "|Lab_3|shft_reg[2]"
Warning: Found clock high time violation at 326.73 ns on register "|Lab_3|Output~reg0"
Warning: Found clock high time violation at 326.73 ns on register "|Lab_3|shft_reg[0]"
Warning: Found clock high time violation at 326.73 ns on register "|Lab_3|shft_reg[3]"
Warning: Found clock high time violation at 326.73 ns on register "|Lab_3|shft_reg[1]"
Warning: Found clock high time violation at 326.73 ns on register "|Lab_3|shft_reg[2]"
Warning: Found clock high time violation at 328.73 ns on register "|Lab_3|Output~reg0"
Warning: Found clock high time violation at 328.73 ns on register "|Lab_3|shft_reg[0]"
Warning: Found clock high time violation at 328.73 ns on register "|Lab_3|shft_reg[3]"
Warning: Found clock high time violation at 328.73 ns on register "|Lab_3|shft_reg[1]"
Warning: Found clock high time violation at 328.73 ns on register "|Lab_3|shft_reg[2]"
Warning: Found clock high time violation at 330.73 ns on register "|Lab_3|Output~reg0"
Warning: Found clock high time violation at 330.73 ns on register "|Lab_3|shft_reg[0]"
Warning: Found clock high time violation at 330.73 ns on register "|Lab_3|shft_reg[3]"
Warning: Found clock high time violation at 330.73 ns on register "|Lab_3|shft_reg[1]"
Warning: Found clock high time violation at 330.73 ns on register "|Lab_3|shft_reg[2]"
Warning: Found clock high time violation at 332.73 ns on register "|Lab_3|Output~reg0"
Warning: Found clock high time violation at 332.73 ns on register "|Lab_3|shft_reg[0]"
Warning: Found clock high time violation at 332.73 ns on register "|Lab_3|shft_reg[3]"
Warning: Found clock high time violation at 332.73 ns on register "|Lab_3|shft_reg[1]"
Warning: Found clock high time violation at 332.73 ns on register "|Lab_3|shft_reg[2]"
Warning: Found clock high time violation at 334.73 ns on register "|Lab_3|Output~reg0"
Warning: Found clock high time violation at 334.73 ns on register "|Lab_3|shft_reg[0]"
Warning: Found clock high time violation at 334.73 ns on register "|Lab_3|shft_reg[3]"
Warning: Found clock high time violation at 334.73 ns on register "|Lab_3|shft_reg[1]"
Warning: Found clock high time violation at 334.73 ns on register "|Lab_3|shft_reg[2]"
Warning: Found clock high time violation at 336.73 ns on register "|Lab_3|Output~reg0"
Warning: Found clock high time violation at 336.73 ns on register "|Lab_3|shft_reg[0]"
Warning: Found clock high time violation at 336.73 ns on register "|Lab_3|shft_reg[3]"
Warning: Found clock high time violation at 336.73 ns on register "|Lab_3|shft_reg[1]"
Warning: Found clock high time violation at 336.73 ns on register "|Lab_3|shft_reg[2]"
Warning: Found clock high time violation at 338.73 ns on register "|Lab_3|Output~reg0"
Warning: Found clock high time violation at 338.73 ns on register "|Lab_3|shft_reg[0]"
Warning: Found clock high time violation at 338.73 ns on register "|Lab_3|shft_reg[3]"
Warning: Found clock high time violation at 338.73 ns on register "|Lab_3|shft_reg[1]"
Warning: Found clock high time violation at 338.73 ns on register "|Lab_3|shft_reg[2]"
Warning: Found clock high time violation at 340.73 ns on register "|Lab_3|Output~reg0"
Warning: Found clock high time violation at 340.73 ns on register "|Lab_3|shft_reg[0]"
Warning: Found clock high time violation at 340.73 ns on register "|Lab_3|shft_reg[3]"
Warning: Found clock high time violation at 340.73 ns on register "|Lab_3|shft_reg[1]"
Warning: Found clock high time violation at 340.73 ns on register "|Lab_3|shft_reg[2]"
Warning: Found clock high time violation at 342.73 ns on register "|Lab_3|Output~reg0"
Warning: Found clock high time violation at 342.73 ns on register "|Lab_3|shft_reg[0]"
Warning: Found clock high time violation at 342.73 ns on register "|Lab_3|shft_reg[3]"
Warning: Found clock high time violation at 342.73 ns on register "|Lab_3|shft_reg[1]"
Warning: Found clock high time violation at 342.73 ns on register "|Lab_3|shft_reg[2]"
Warning: Found clock high time violation at 344.73 ns on register "|Lab_3|Output~reg0"
Warning: Found clock high time violation at 344.73 ns on register "|Lab_3|shft_reg[0]"
Warning: Found clock high time violation at 344.73 ns on register "|Lab_3|shft_reg[3]"
Warning: Found clock high time violation at 344.73 ns on register "|Lab_3|shft_reg[1]"
Warning: Found clock high time violation at 344.73 ns on register "|Lab_3|shft_reg[2]"
Warning: Found clock high time violation at 346.73 ns on register "|Lab_3|Output~reg0"
Warning: Found clock high time violation at 346.73 ns on register "|Lab_3|shft_reg[0]"
Warning: Found clock high time violation at 346.73 ns on register "|Lab_3|shft_reg[3]"
Warning: Found clock high time violation at 346.73 ns on register "|Lab_3|shft_reg[1]"
Warning: Found clock high time violation at 346.73 ns on register "|Lab_3|shft_reg[2]"
Warning: Found clock high time violation at 348.73 ns on register "|Lab_3|Output~reg0"
Warning: Found clock high time violation at 348.73 ns on register "|Lab_3|shft_reg[0]"
Warning: Found clock high time violation at 348.73 ns on register "|Lab_3|shft_reg[3]"
Warning: Found clock high time violation at 348.73 ns on register "|Lab_3|shft_reg[1]"
Warning: Found clock high time violation at 348.73 ns on register "|Lab_3|shft_reg[2]"
Warning: Found clock high time violation at 350.73 ns on register "|Lab_3|Output~reg0"
Warning: Found clock high time violation at 350.73 ns on register "|Lab_3|shft_reg[0]"
Warning: Found clock high time violation at 350.73 ns on register "|Lab_3|shft_reg[3]"
Warning: Found clock high time violation at 350.73 ns on register "|Lab_3|shft_reg[1]"
Warning: Found clock high time violation at 350.73 ns on register "|Lab_3|shft_reg[2]"
Warning: Found clock high time violation at 352.73 ns on register "|Lab_3|Output~reg0"
Warning: Found clock high time violation at 352.73 ns on register "|Lab_3|shft_reg[0]"
Warning: Found clock high time violation at 352.73 ns on register "|Lab_3|shft_reg[3]"
Warning: Found clock high time violation at 352.73 ns on register "|Lab_3|shft_reg[1]"
Warning: Found clock high time violation at 352.73 ns on register "|Lab_3|shft_reg[2]"
Warning: Found clock high time violation at 354.73 ns on register "|Lab_3|Output~reg0"
Warning: Found clock high time violation at 354.73 ns on register "|Lab_3|shft_reg[0]"
Warning: Found clock high time violation at 354.73 ns on register "|Lab_3|shft_reg[3]"
Warning: Found clock high time violation at 354.73 ns on register "|Lab_3|shft_reg[1]"
Warning: Found clock high time violation at 354.73 ns on register "|Lab_3|shft_reg[2]"
Warning: Found clock high time violation at 356.73 ns on register "|Lab_3|Output~reg0"
Warning: Found clock high time violation at 356.73 ns on register "|Lab_3|shft_reg[0]"
Warning: Found clock high time violation at 356.73 ns on register "|Lab_3|shft_reg[3]"
Warning: Found clock high time violation at 356.73 ns on register "|Lab_3|shft_reg[1]"
Warning: Found clock high time violation at 356.73 ns on register "|Lab_3|shft_reg[2]"
Warning: Found clock high time violation at 358.73 ns on register "|Lab_3|Output~reg0"
Warning: Found clock high time violation at 358.73 ns on register "|Lab_3|shft_reg[0]"
Warning: Found clock high time violation at 358.73 ns on register "|Lab_3|shft_reg[3]"
Warning: Found clock high time violation at 358.73 ns on register "|Lab_3|shft_reg[1]"
Warning: Found clock high time violation at 358.73 ns on register "|Lab_3|shft_reg[2]"
Warning: Found clock high time violation at 360.73 ns on register "|Lab_3|Output~reg0"
Warning: Found clock high time violation at 360.73 ns on register "|Lab_3|shft_reg[0]"
Warning: Found clock high time violation at 360.73 ns on register "|Lab_3|shft_reg[3]"
Warning: Found clock high time violation at 360.73 ns on register "|Lab_3|shft_reg[1]"
Warning: Found clock high time violation at 360.73 ns on register "|Lab_3|shft_reg[2]"
Warning: Found clock high time violation at 362.73 ns on register "|Lab_3|Output~reg0"
Warning: Found clock high time violation at 362.73 ns on register "|Lab_3|shft_reg[0]"
Warning: Found clock high time violation at 362.73 ns on register "|Lab_3|shft_reg[3]"
Warning: Found clock high time violation at 362.73 ns on register "|Lab_3|shft_reg[1]"
Warning: Found clock high time violation at 362.73 ns on register "|Lab_3|shft_reg[2]"
Warning: Found clock high time violation at 364.73 ns on register "|Lab_3|Output~reg0"
Warning: Found clock high time violation at 364.73 ns on register "|Lab_3|shft_reg[0]"
Warning: Found clock high time violation at 364.73 ns on register "|Lab_3|shft_reg[3]"
Warning: Found clock high time violation at 364.73 ns on register "|Lab_3|shft_reg[1]"
Warning: Found clock high time violation at 364.73 ns on register "|Lab_3|shft_reg[2]"
Warning: Found clock high time violation at 366.73 ns on register "|Lab_3|Output~reg0"
Warning: Found clock high time violation at 366.73 ns on register "|Lab_3|shft_reg[0]"
Warning: Found clock high time violation at 366.73 ns on register "|Lab_3|shft_reg[3]"
Warning: Found clock high time violation at 366.73 ns on register "|Lab_3|shft_reg[1]"
Warning: Found clock high time violation at 366.73 ns on register "|Lab_3|shft_reg[2]"
Warning: Found clock high time violation at 368.73 ns on register "|Lab_3|Output~reg0"
Warning: Found clock high time violation at 368.73 ns on register "|Lab_3|shft_reg[0]"
Warning: Found clock high time violation at 368.73 ns on register "|Lab_3|shft_reg[3]"
Warning: Found clock high time violation at 368.73 ns on register "|Lab_3|shft_reg[1]"
Warning: Found clock high time violation at 368.73 ns on register "|Lab_3|shft_reg[2]"
Warning: Found clock high time violation at 370.73 ns on register "|Lab_3|Output~reg0"
Warning: Found clock high time violation at 370.73 ns on register "|Lab_3|shft_reg[0]"
Warning: Found clock high time violation at 370.73 ns on register "|Lab_3|shft_reg[3]"
Warning: Found clock high time violation at 370.73 ns on register "|Lab_3|shft_reg[1]"
Warning: Found clock high time violation at 370.73 ns on register "|Lab_3|shft_reg[2]"
Warning: Found clock high time violation at 372.73 ns on register "|Lab_3|Output~reg0"
Warning: Found clock high time violation at 372.73 ns on register "|Lab_3|shft_reg[0]"
Warning: Found clock high time violation at 372.73 ns on register "|Lab_3|shft_reg[3]"
Warning: Found clock high time violation at 372.73 ns on register "|Lab_3|shft_reg[1]"
Warning: Found clock high time violation at 372.73 ns on register "|Lab_3|shft_reg[2]"
Warning: Found clock high time violation at 374.73 ns on register "|Lab_3|Output~reg0"
Warning: Found clock high time violation at 374.73 ns on register "|Lab_3|shft_reg[0]"
Warning: Found clock high time violation at 374.73 ns on register "|Lab_3|shft_reg[3]"
Warning: Found clock high time violation at 374.73 ns on register "|Lab_3|shft_reg[1]"
Warning: Found clock high time violation at 374.73 ns on register "|Lab_3|shft_reg[2]"
Warning: Found clock high time violation at 376.73 ns on register "|Lab_3|Output~reg0"
Warning: Found clock high time violation at 376.73 ns on register "|Lab_3|shft_reg[0]"
Warning: Found clock high time violation at 376.73 ns on register "|Lab_3|shft_reg[3]"
Warning: Found clock high time violation at 376.73 ns on register "|Lab_3|shft_reg[1]"
Warning: Found clock high time violation at 376.73 ns on register "|Lab_3|shft_reg[2]"
Warning: Found clock high time violation at 378.73 ns on register "|Lab_3|Output~reg0"
Warning: Found clock high time violation at 378.73 ns on register "|Lab_3|shft_reg[0]"
Warning: Found clock high time violation at 378.73 ns on register "|Lab_3|shft_reg[3]"
Warning: Found clock high time violation at 378.73 ns on register "|Lab_3|shft_reg[1]"
Warning: Found clock high time violation at 378.73 ns on register "|Lab_3|shft_reg[2]"
Warning: Found clock high time violation at 380.73 ns on register "|Lab_3|Output~reg0"
Warning: Found clock high time violation at 380.73 ns on register "|Lab_3|shft_reg[0]"
Warning: Found clock high time violation at 380.73 ns on register "|Lab_3|shft_reg[3]"
Warning: Found clock high time violation at 380.73 ns on register "|Lab_3|shft_reg[1]"
Warning: Found clock high time violation at 380.73 ns on register "|Lab_3|shft_reg[2]"
Warning: Found clock high time violation at 382.73 ns on register "|Lab_3|Output~reg0"
Warning: Found clock high time violation at 382.73 ns on register "|Lab_3|shft_reg[0]"
Warning: Found clock high time violation at 382.73 ns on register "|Lab_3|shft_reg[3]"
Warning: Found clock high time violation at 382.73 ns on register "|Lab_3|shft_reg[1]"
Warning: Found clock high time violation at 382.73 ns on register "|Lab_3|shft_reg[2]"
Warning: Found clock high time violation at 384.73 ns on register "|Lab_3|Output~reg0"
Warning: Found clock high time violation at 384.73 ns on register "|Lab_3|shft_reg[0]"
Warning: Found clock high time violation at 384.73 ns on register "|Lab_3|shft_reg[3]"
Warning: Found clock high time violation at 384.73 ns on register "|Lab_3|shft_reg[1]"
Warning: Found clock high time violation at 384.73 ns on register "|Lab_3|shft_reg[2]"
Warning: Found clock high time violation at 386.73 ns on register "|Lab_3|Output~reg0"
Warning: Found clock high time violation at 386.73 ns on register "|Lab_3|shft_reg[0]"
Warning: Found clock high time violation at 386.73 ns on register "|Lab_3|shft_reg[3]"
Warning: Found clock high time violation at 386.73 ns on register "|Lab_3|shft_reg[1]"
Warning: Found clock high time violation at 386.73 ns on register "|Lab_3|shft_reg[2]"
Warning: Found clock high time violation at 388.73 ns on register "|Lab_3|Output~reg0"
Warning: Found clock high time violation at 388.73 ns on register "|Lab_3|shft_reg[0]"
Warning: Found clock high time violation at 388.73 ns on register "|Lab_3|shft_reg[3]"
Warning: Found clock high time violation at 388.73 ns on register "|Lab_3|shft_reg[1]"
Warning: Found clock high time violation at 388.73 ns on register "|Lab_3|shft_reg[2]"
Warning: Found clock high time violation at 390.73 ns on register "|Lab_3|Output~reg0"
Warning: Found clock high time violation at 390.73 ns on register "|Lab_3|shft_reg[0]"
Warning: Found clock high time violation at 390.73 ns on register "|Lab_3|shft_reg[3]"
Warning: Found clock high time violation at 390.73 ns on register "|Lab_3|shft_reg[1]"
Warning: Found clock high time violation at 390.73 ns on register "|Lab_3|shft_reg[2]"
Warning: Found clock high time violation at 392.73 ns on register "|Lab_3|Output~reg0"
Warning: Found clock high time violation at 392.73 ns on register "|Lab_3|shft_reg[0]"
Warning: Found clock high time violation at 392.73 ns on register "|Lab_3|shft_reg[3]"
Warning: Found clock high time violation at 392.73 ns on register "|Lab_3|shft_reg[1]"
Warning: Found clock high time violation at 392.73 ns on register "|Lab_3|shft_reg[2]"
Warning: Found clock high time violation at 394.73 ns on register "|Lab_3|Output~reg0"
Warning: Found clock high time violation at 394.73 ns on register "|Lab_3|shft_reg[0]"
Warning: Found clock high time violation at 394.73 ns on register "|Lab_3|shft_reg[3]"
Warning: Found clock high time violation at 394.73 ns on register "|Lab_3|shft_reg[1]"
Warning: Found clock high time violation at 394.73 ns on register "|Lab_3|shft_reg[2]"
Warning: Found clock high time violation at 396.73 ns on register "|Lab_3|Output~reg0"
Warning: Found clock high time violation at 396.73 ns on register "|Lab_3|shft_reg[0]"
Warning: Found clock high time violation at 396.73 ns on register "|Lab_3|shft_reg[3]"
Warning: Found clock high time violation at 396.73 ns on register "|Lab_3|shft_reg[1]"
Warning: Found clock high time violation at 396.73 ns on register "|Lab_3|shft_reg[2]"
Warning: Found clock high time violation at 398.73 ns on register "|Lab_3|Output~reg0"
Warning: Found clock high time violation at 398.73 ns on register "|Lab_3|shft_reg[0]"
Warning: Found clock high time violation at 398.73 ns on register "|Lab_3|shft_reg[3]"
Warning: Found clock high time violation at 398.73 ns on register "|Lab_3|shft_reg[1]"
Warning: Found clock high time violation at 398.73 ns on register "|Lab_3|shft_reg[2]"
Warning: Found clock high time violation at 400.73 ns on register "|Lab_3|Output~reg0"
Warning: Found clock high time violation at 400.73 ns on register "|Lab_3|shft_reg[0]"
Warning: Found clock high time violation at 400.73 ns on register "|Lab_3|shft_reg[3]"
Warning: Found clock high time violation at 400.73 ns on register "|Lab_3|shft_reg[1]"
Warning: Found clock high time violation at 400.73 ns on register "|Lab_3|shft_reg[2]"
Warning: Found clock high time violation at 402.73 ns on register "|Lab_3|Output~reg0"
Warning: Found clock high time violation at 402.73 ns on register "|Lab_3|shft_reg[0]"
Warning: Found clock high time violation at 402.73 ns on register "|Lab_3|shft_reg[3]"
Warning: Found clock high time violation at 402.73 ns on register "|Lab_3|shft_reg[1]"
Warning: Found clock high time violation at 402.73 ns on register "|Lab_3|shft_reg[2]"
Warning: Found clock high time violation at 404.73 ns on register "|Lab_3|Output~reg0"
Warning: Found clock high time violation at 404.73 ns on register "|Lab_3|shft_reg[0]"
Warning: Found clock high time violation at 404.73 ns on register "|Lab_3|shft_reg[3]"
Warning: Found clock high time violation at 404.73 ns on register "|Lab_3|shft_reg[1]"
Warning: Found clock high time violation at 404.73 ns on register "|Lab_3|shft_reg[2]"
Info: Detected more than 1000 clock time violations -- stopped clock time violation reporting
Info: Simulation partitioned into 3 sub-simulations
Info: Simulation coverage is      66.67 %
Info: Number of transitions in simulation is 445999971
Info: Vector file Lab_3.sim.vwf is saved in VWF text format. You can compress it into CVWF format in order to reduce file size. For more details please refer to the Quartus II Help.
Info: Quartus II Simulator was successful. 0 errors, 1000 warnings
    Info: Peak virtual memory: 161 megabytes
    Info: Processing ended: Mon Apr 24 00:52:37 2023
    Info: Elapsed time: 00:08:11
    Info: Total CPU time (on all processors): 00:08:11


